---
source: src/lexer.rs
expression: tokens
---
[
    Ok(
        (
            1,
            LAngle,
            2,
        ),
    ),
    Ok(
        (
            2,
            Id(
                "syntax",
            ),
            8,
        ),
    ),
    Ok(
        (
            8,
            RAngle,
            9,
        ),
    ),
    Ok(
        (
            18,
            Def,
            21,
        ),
    ),
    Ok(
        (
            22,
            LAngle,
            23,
        ),
    ),
    Ok(
        (
            23,
            Id(
                "rule",
            ),
            27,
        ),
    ),
    Ok(
        (
            27,
            RAngle,
            28,
        ),
    ),
    Ok(
        (
            29,
            Or,
            30,
        ),
    ),
    Ok(
        (
            31,
            Int(
                10,
            ),
            33,
        ),
    ),
    Ok(
        (
            34,
            LAngle,
            35,
        ),
    ),
    Ok(
        (
            35,
            Id(
                "rule",
            ),
            39,
        ),
    ),
    Ok(
        (
            39,
            RAngle,
            40,
        ),
    ),
    Ok(
        (
            41,
            LAngle,
            42,
        ),
    ),
    Ok(
        (
            42,
            Id(
                "syntax",
            ),
            48,
        ),
    ),
    Ok(
        (
            48,
            RAngle,
            49,
        ),
    ),
    Ok(
        (
            50,
            Semi,
            51,
        ),
    ),
    Ok(
        (
            53,
            LAngle,
            54,
        ),
    ),
    Ok(
        (
            54,
            Id(
                "rule",
            ),
            58,
        ),
    ),
    Ok(
        (
            58,
            RAngle,
            59,
        ),
    ),
    Ok(
        (
            70,
            Def,
            73,
        ),
    ),
    Ok(
        (
            74,
            LAngle,
            75,
        ),
    ),
    Ok(
        (
            75,
            Id(
                "opt-whitespace",
            ),
            89,
        ),
    ),
    Ok(
        (
            89,
            RAngle,
            90,
        ),
    ),
    Ok(
        (
            91,
            Str(
                "<",
            ),
            94,
        ),
    ),
    Ok(
        (
            95,
            LAngle,
            96,
        ),
    ),
    Ok(
        (
            96,
            Id(
                "rule-name",
            ),
            105,
        ),
    ),
    Ok(
        (
            105,
            RAngle,
            106,
        ),
    ),
    Ok(
        (
            107,
            Str(
                ">",
            ),
            110,
        ),
    ),
    Ok(
        (
            111,
            LAngle,
            112,
        ),
    ),
    Ok(
        (
            112,
            Id(
                "opt-whitespace",
            ),
            126,
        ),
    ),
    Ok(
        (
            126,
            RAngle,
            127,
        ),
    ),
    Ok(
        (
            128,
            Str(
                "::=",
            ),
            133,
        ),
    ),
    Ok(
        (
            134,
            LAngle,
            135,
        ),
    ),
    Ok(
        (
            135,
            Id(
                "opt-whitespace",
            ),
            149,
        ),
    ),
    Ok(
        (
            149,
            RAngle,
            150,
        ),
    ),
    Ok(
        (
            151,
            LAngle,
            152,
        ),
    ),
    Ok(
        (
            152,
            Id(
                "expression",
            ),
            162,
        ),
    ),
    Ok(
        (
            162,
            RAngle,
            163,
        ),
    ),
    Ok(
        (
            164,
            Str(
                ";",
            ),
            167,
        ),
    ),
    Ok(
        (
            168,
            LAngle,
            169,
        ),
    ),
    Ok(
        (
            169,
            Id(
                "line-end",
            ),
            177,
        ),
    ),
    Ok(
        (
            177,
            RAngle,
            178,
        ),
    ),
    Ok(
        (
            179,
            Semi,
            180,
        ),
    ),
    Ok(
        (
            182,
            LAngle,
            183,
        ),
    ),
    Ok(
        (
            183,
            Id(
                "opt-whitespace",
            ),
            197,
        ),
    ),
    Ok(
        (
            197,
            RAngle,
            198,
        ),
    ),
    Ok(
        (
            199,
            Def,
            202,
        ),
    ),
    Ok(
        (
            203,
            Str(
                " ",
            ),
            206,
        ),
    ),
    Ok(
        (
            207,
            LAngle,
            208,
        ),
    ),
    Ok(
        (
            208,
            Id(
                "opt-whitespace",
            ),
            222,
        ),
    ),
    Ok(
        (
            222,
            RAngle,
            223,
        ),
    ),
    Ok(
        (
            224,
            Or,
            225,
        ),
    ),
    Ok(
        (
            226,
            Int(
                1000,
            ),
            230,
        ),
    ),
    Ok(
        (
            231,
            Str(
                "",
            ),
            233,
        ),
    ),
    Ok(
        (
            234,
            Semi,
            235,
        ),
    ),
    Ok(
        (
            237,
            LAngle,
            238,
        ),
    ),
    Ok(
        (
            238,
            Id(
                "expression",
            ),
            248,
        ),
    ),
    Ok(
        (
            248,
            RAngle,
            249,
        ),
    ),
    Ok(
        (
            254,
            Def,
            257,
        ),
    ),
    Ok(
        (
            258,
            LAngle,
            259,
        ),
    ),
    Ok(
        (
            259,
            Id(
                "list",
            ),
            263,
        ),
    ),
    Ok(
        (
            263,
            RAngle,
            264,
        ),
    ),
    Ok(
        (
            265,
            Or,
            266,
        ),
    ),
    Ok(
        (
            267,
            Int(
                5,
            ),
            268,
        ),
    ),
    Ok(
        (
            269,
            LAngle,
            270,
        ),
    ),
    Ok(
        (
            270,
            Id(
                "list",
            ),
            274,
        ),
    ),
    Ok(
        (
            274,
            RAngle,
            275,
        ),
    ),
    Ok(
        (
            276,
            LAngle,
            277,
        ),
    ),
    Ok(
        (
            277,
            Id(
                "opt-whitespace",
            ),
            291,
        ),
    ),
    Ok(
        (
            291,
            RAngle,
            292,
        ),
    ),
    Ok(
        (
            293,
            Str(
                "|",
            ),
            296,
        ),
    ),
    Ok(
        (
            297,
            LAngle,
            298,
        ),
    ),
    Ok(
        (
            298,
            Id(
                "opt-whitespace",
            ),
            312,
        ),
    ),
    Ok(
        (
            312,
            RAngle,
            313,
        ),
    ),
    Ok(
        (
            314,
            LAngle,
            315,
        ),
    ),
    Ok(
        (
            315,
            Id(
                "expression",
            ),
            325,
        ),
    ),
    Ok(
        (
            325,
            RAngle,
            326,
        ),
    ),
    Ok(
        (
            327,
            Semi,
            328,
        ),
    ),
    Ok(
        (
            330,
            LAngle,
            331,
        ),
    ),
    Ok(
        (
            331,
            Id(
                "line-end",
            ),
            339,
        ),
    ),
    Ok(
        (
            339,
            RAngle,
            340,
        ),
    ),
    Ok(
        (
            347,
            Def,
            350,
        ),
    ),
    Ok(
        (
            351,
            Int(
                10,
            ),
            353,
        ),
    ),
    Ok(
        (
            354,
            LAngle,
            355,
        ),
    ),
    Ok(
        (
            355,
            Id(
                "opt-whitespace",
            ),
            369,
        ),
    ),
    Ok(
        (
            369,
            RAngle,
            370,
        ),
    ),
    Ok(
        (
            371,
            LAngle,
            372,
        ),
    ),
    Ok(
        (
            372,
            Id(
                "EOL",
            ),
            375,
        ),
    ),
    Ok(
        (
            375,
            RAngle,
            376,
        ),
    ),
    Ok(
        (
            377,
            Or,
            378,
        ),
    ),
    Ok(
        (
            379,
            LAngle,
            380,
        ),
    ),
    Ok(
        (
            380,
            Id(
                "line-end",
            ),
            388,
        ),
    ),
    Ok(
        (
            388,
            RAngle,
            389,
        ),
    ),
    Ok(
        (
            390,
            LAngle,
            391,
        ),
    ),
    Ok(
        (
            391,
            Id(
                "line-end",
            ),
            399,
        ),
    ),
    Ok(
        (
            399,
            RAngle,
            400,
        ),
    ),
    Ok(
        (
            401,
            Semi,
            402,
        ),
    ),
    Ok(
        (
            404,
            LAngle,
            405,
        ),
    ),
    Ok(
        (
            405,
            Id(
                "list",
            ),
            409,
        ),
    ),
    Ok(
        (
            409,
            RAngle,
            410,
        ),
    ),
    Ok(
        (
            421,
            Def,
            424,
        ),
    ),
    Ok(
        (
            425,
            LAngle,
            426,
        ),
    ),
    Ok(
        (
            426,
            Id(
                "term",
            ),
            430,
        ),
    ),
    Ok(
        (
            430,
            RAngle,
            431,
        ),
    ),
    Ok(
        (
            432,
            Or,
            433,
        ),
    ),
    Ok(
        (
            434,
            LAngle,
            435,
        ),
    ),
    Ok(
        (
            435,
            Id(
                "term",
            ),
            439,
        ),
    ),
    Ok(
        (
            439,
            RAngle,
            440,
        ),
    ),
    Ok(
        (
            441,
            LAngle,
            442,
        ),
    ),
    Ok(
        (
            442,
            Id(
                "opt-whitespace",
            ),
            456,
        ),
    ),
    Ok(
        (
            456,
            RAngle,
            457,
        ),
    ),
    Ok(
        (
            458,
            LAngle,
            459,
        ),
    ),
    Ok(
        (
            459,
            Id(
                "list",
            ),
            463,
        ),
    ),
    Ok(
        (
            463,
            RAngle,
            464,
        ),
    ),
    Ok(
        (
            465,
            Semi,
            466,
        ),
    ),
    Ok(
        (
            468,
            LAngle,
            469,
        ),
    ),
    Ok(
        (
            469,
            Id(
                "term",
            ),
            473,
        ),
    ),
    Ok(
        (
            473,
            RAngle,
            474,
        ),
    ),
    Ok(
        (
            485,
            Def,
            488,
        ),
    ),
    Ok(
        (
            489,
            LAngle,
            490,
        ),
    ),
    Ok(
        (
            490,
            Id(
                "literal",
            ),
            497,
        ),
    ),
    Ok(
        (
            497,
            RAngle,
            498,
        ),
    ),
    Ok(
        (
            499,
            Or,
            500,
        ),
    ),
    Ok(
        (
            501,
            Str(
                "<",
            ),
            504,
        ),
    ),
    Ok(
        (
            505,
            LAngle,
            506,
        ),
    ),
    Ok(
        (
            506,
            Id(
                "rule-name",
            ),
            515,
        ),
    ),
    Ok(
        (
            515,
            RAngle,
            516,
        ),
    ),
    Ok(
        (
            517,
            Str(
                ">",
            ),
            520,
        ),
    ),
    Ok(
        (
            521,
            Semi,
            522,
        ),
    ),
    Ok(
        (
            524,
            LAngle,
            525,
        ),
    ),
    Ok(
        (
            525,
            Id(
                "literal",
            ),
            532,
        ),
    ),
    Ok(
        (
            532,
            RAngle,
            533,
        ),
    ),
    Ok(
        (
            541,
            Def,
            544,
        ),
    ),
    Ok(
        (
            545,
            Str(
                "\"",
            ),
            549,
        ),
    ),
    Ok(
        (
            550,
            LAngle,
            551,
        ),
    ),
    Ok(
        (
            551,
            Id(
                "text1",
            ),
            556,
        ),
    ),
    Ok(
        (
            556,
            RAngle,
            557,
        ),
    ),
    Ok(
        (
            558,
            Str(
                "\"",
            ),
            562,
        ),
    ),
    Ok(
        (
            563,
            Or,
            564,
        ),
    ),
    Ok(
        (
            565,
            Str(
                "'",
            ),
            568,
        ),
    ),
    Ok(
        (
            569,
            LAngle,
            570,
        ),
    ),
    Ok(
        (
            570,
            Id(
                "text2",
            ),
            575,
        ),
    ),
    Ok(
        (
            575,
            RAngle,
            576,
        ),
    ),
    Ok(
        (
            577,
            Str(
                "'",
            ),
            580,
        ),
    ),
    Ok(
        (
            581,
            Semi,
            582,
        ),
    ),
    Ok(
        (
            584,
            LAngle,
            585,
        ),
    ),
    Ok(
        (
            585,
            Id(
                "text1",
            ),
            590,
        ),
    ),
    Ok(
        (
            590,
            RAngle,
            591,
        ),
    ),
    Ok(
        (
            601,
            Def,
            604,
        ),
    ),
    Ok(
        (
            605,
            Str(
                "",
            ),
            607,
        ),
    ),
    Ok(
        (
            608,
            Or,
            609,
        ),
    ),
    Ok(
        (
            610,
            Int(
                10,
            ),
            612,
        ),
    ),
    Ok(
        (
            613,
            LAngle,
            614,
        ),
    ),
    Ok(
        (
            614,
            Id(
                "character1",
            ),
            624,
        ),
    ),
    Ok(
        (
            624,
            RAngle,
            625,
        ),
    ),
    Ok(
        (
            626,
            LAngle,
            627,
        ),
    ),
    Ok(
        (
            627,
            Id(
                "text1",
            ),
            632,
        ),
    ),
    Ok(
        (
            632,
            RAngle,
            633,
        ),
    ),
    Ok(
        (
            634,
            Semi,
            635,
        ),
    ),
    Ok(
        (
            637,
            LAngle,
            638,
        ),
    ),
    Ok(
        (
            638,
            Id(
                "text2",
            ),
            643,
        ),
    ),
    Ok(
        (
            643,
            RAngle,
            644,
        ),
    ),
    Ok(
        (
            654,
            Def,
            657,
        ),
    ),
    Ok(
        (
            658,
            Str(
                "",
            ),
            660,
        ),
    ),
    Ok(
        (
            661,
            Or,
            662,
        ),
    ),
    Ok(
        (
            663,
            Int(
                10,
            ),
            665,
        ),
    ),
    Ok(
        (
            666,
            LAngle,
            667,
        ),
    ),
    Ok(
        (
            667,
            Id(
                "character2",
            ),
            677,
        ),
    ),
    Ok(
        (
            677,
            RAngle,
            678,
        ),
    ),
    Ok(
        (
            679,
            LAngle,
            680,
        ),
    ),
    Ok(
        (
            680,
            Id(
                "text2",
            ),
            685,
        ),
    ),
    Ok(
        (
            685,
            RAngle,
            686,
        ),
    ),
    Ok(
        (
            687,
            Semi,
            688,
        ),
    ),
    Ok(
        (
            690,
            LAngle,
            691,
        ),
    ),
    Ok(
        (
            691,
            Id(
                "character",
            ),
            700,
        ),
    ),
    Ok(
        (
            700,
            RAngle,
            701,
        ),
    ),
    Ok(
        (
            707,
            Def,
            710,
        ),
    ),
    Ok(
        (
            711,
            Int(
                20,
            ),
            713,
        ),
    ),
    Ok(
        (
            714,
            LAngle,
            715,
        ),
    ),
    Ok(
        (
            715,
            Id(
                "letter",
            ),
            721,
        ),
    ),
    Ok(
        (
            721,
            RAngle,
            722,
        ),
    ),
    Ok(
        (
            723,
            Or,
            724,
        ),
    ),
    Ok(
        (
            725,
            Int(
                20,
            ),
            727,
        ),
    ),
    Ok(
        (
            728,
            LAngle,
            729,
        ),
    ),
    Ok(
        (
            729,
            Id(
                "digit",
            ),
            734,
        ),
    ),
    Ok(
        (
            734,
            RAngle,
            735,
        ),
    ),
    Ok(
        (
            736,
            Or,
            737,
        ),
    ),
    Ok(
        (
            738,
            LAngle,
            739,
        ),
    ),
    Ok(
        (
            739,
            Id(
                "symbol",
            ),
            745,
        ),
    ),
    Ok(
        (
            745,
            RAngle,
            746,
        ),
    ),
    Ok(
        (
            747,
            Semi,
            748,
        ),
    ),
    Ok(
        (
            750,
            LAngle,
            751,
        ),
    ),
    Ok(
        (
            751,
            Id(
                "letter",
            ),
            757,
        ),
    ),
    Ok(
        (
            757,
            RAngle,
            758,
        ),
    ),
    Ok(
        (
            767,
            Def,
            770,
        ),
    ),
    Ok(
        (
            771,
            Str(
                "A",
            ),
            774,
        ),
    ),
    Ok(
        (
            775,
            Or,
            776,
        ),
    ),
    Ok(
        (
            777,
            Str(
                "B",
            ),
            780,
        ),
    ),
    Ok(
        (
            781,
            Or,
            782,
        ),
    ),
    Ok(
        (
            783,
            Str(
                "C",
            ),
            786,
        ),
    ),
    Ok(
        (
            787,
            Or,
            788,
        ),
    ),
    Ok(
        (
            789,
            Str(
                "D",
            ),
            792,
        ),
    ),
    Ok(
        (
            793,
            Or,
            794,
        ),
    ),
    Ok(
        (
            795,
            Str(
                "E",
            ),
            798,
        ),
    ),
    Ok(
        (
            799,
            Or,
            800,
        ),
    ),
    Ok(
        (
            801,
            Str(
                "F",
            ),
            804,
        ),
    ),
    Ok(
        (
            805,
            Or,
            806,
        ),
    ),
    Ok(
        (
            807,
            Str(
                "G",
            ),
            810,
        ),
    ),
    Ok(
        (
            811,
            Or,
            812,
        ),
    ),
    Ok(
        (
            813,
            Str(
                "H",
            ),
            816,
        ),
    ),
    Ok(
        (
            817,
            Or,
            818,
        ),
    ),
    Ok(
        (
            819,
            Str(
                "I",
            ),
            822,
        ),
    ),
    Ok(
        (
            823,
            Or,
            824,
        ),
    ),
    Ok(
        (
            825,
            Str(
                "J",
            ),
            828,
        ),
    ),
    Ok(
        (
            829,
            Or,
            830,
        ),
    ),
    Ok(
        (
            831,
            Str(
                "K",
            ),
            834,
        ),
    ),
    Ok(
        (
            835,
            Or,
            836,
        ),
    ),
    Ok(
        (
            837,
            Str(
                "L",
            ),
            840,
        ),
    ),
    Ok(
        (
            841,
            Or,
            842,
        ),
    ),
    Ok(
        (
            843,
            Str(
                "M",
            ),
            846,
        ),
    ),
    Ok(
        (
            847,
            Or,
            848,
        ),
    ),
    Ok(
        (
            849,
            Str(
                "N",
            ),
            852,
        ),
    ),
    Ok(
        (
            853,
            Or,
            854,
        ),
    ),
    Ok(
        (
            855,
            Str(
                "O",
            ),
            858,
        ),
    ),
    Ok(
        (
            859,
            Or,
            860,
        ),
    ),
    Ok(
        (
            861,
            Str(
                "P",
            ),
            864,
        ),
    ),
    Ok(
        (
            865,
            Or,
            866,
        ),
    ),
    Ok(
        (
            867,
            Str(
                "Q",
            ),
            870,
        ),
    ),
    Ok(
        (
            871,
            Or,
            872,
        ),
    ),
    Ok(
        (
            873,
            Str(
                "R",
            ),
            876,
        ),
    ),
    Ok(
        (
            877,
            Or,
            878,
        ),
    ),
    Ok(
        (
            879,
            Str(
                "S",
            ),
            882,
        ),
    ),
    Ok(
        (
            883,
            Or,
            884,
        ),
    ),
    Ok(
        (
            885,
            Str(
                "T",
            ),
            888,
        ),
    ),
    Ok(
        (
            889,
            Or,
            890,
        ),
    ),
    Ok(
        (
            891,
            Str(
                "U",
            ),
            894,
        ),
    ),
    Ok(
        (
            895,
            Or,
            896,
        ),
    ),
    Ok(
        (
            897,
            Str(
                "V",
            ),
            900,
        ),
    ),
    Ok(
        (
            901,
            Or,
            902,
        ),
    ),
    Ok(
        (
            903,
            Str(
                "W",
            ),
            906,
        ),
    ),
    Ok(
        (
            907,
            Or,
            908,
        ),
    ),
    Ok(
        (
            909,
            Str(
                "X",
            ),
            912,
        ),
    ),
    Ok(
        (
            913,
            Or,
            914,
        ),
    ),
    Ok(
        (
            915,
            Str(
                "Y",
            ),
            918,
        ),
    ),
    Ok(
        (
            919,
            Or,
            920,
        ),
    ),
    Ok(
        (
            921,
            Str(
                "Z",
            ),
            924,
        ),
    ),
    Ok(
        (
            925,
            Or,
            926,
        ),
    ),
    Ok(
        (
            927,
            Str(
                "a",
            ),
            930,
        ),
    ),
    Ok(
        (
            931,
            Or,
            932,
        ),
    ),
    Ok(
        (
            933,
            Str(
                "b",
            ),
            936,
        ),
    ),
    Ok(
        (
            937,
            Or,
            938,
        ),
    ),
    Ok(
        (
            939,
            Str(
                "c",
            ),
            942,
        ),
    ),
    Ok(
        (
            943,
            Or,
            944,
        ),
    ),
    Ok(
        (
            945,
            Str(
                "d",
            ),
            948,
        ),
    ),
    Ok(
        (
            949,
            Or,
            950,
        ),
    ),
    Ok(
        (
            951,
            Str(
                "e",
            ),
            954,
        ),
    ),
    Ok(
        (
            955,
            Or,
            956,
        ),
    ),
    Ok(
        (
            957,
            Str(
                "f",
            ),
            960,
        ),
    ),
    Ok(
        (
            961,
            Or,
            962,
        ),
    ),
    Ok(
        (
            963,
            Str(
                "g",
            ),
            966,
        ),
    ),
    Ok(
        (
            967,
            Or,
            968,
        ),
    ),
    Ok(
        (
            969,
            Str(
                "h",
            ),
            972,
        ),
    ),
    Ok(
        (
            973,
            Or,
            974,
        ),
    ),
    Ok(
        (
            975,
            Str(
                "i",
            ),
            978,
        ),
    ),
    Ok(
        (
            979,
            Or,
            980,
        ),
    ),
    Ok(
        (
            981,
            Str(
                "j",
            ),
            984,
        ),
    ),
    Ok(
        (
            985,
            Or,
            986,
        ),
    ),
    Ok(
        (
            987,
            Str(
                "k",
            ),
            990,
        ),
    ),
    Ok(
        (
            991,
            Or,
            992,
        ),
    ),
    Ok(
        (
            993,
            Str(
                "l",
            ),
            996,
        ),
    ),
    Ok(
        (
            997,
            Or,
            998,
        ),
    ),
    Ok(
        (
            999,
            Str(
                "m",
            ),
            1002,
        ),
    ),
    Ok(
        (
            1003,
            Or,
            1004,
        ),
    ),
    Ok(
        (
            1005,
            Str(
                "n",
            ),
            1008,
        ),
    ),
    Ok(
        (
            1009,
            Or,
            1010,
        ),
    ),
    Ok(
        (
            1011,
            Str(
                "o",
            ),
            1014,
        ),
    ),
    Ok(
        (
            1015,
            Or,
            1016,
        ),
    ),
    Ok(
        (
            1017,
            Str(
                "p",
            ),
            1020,
        ),
    ),
    Ok(
        (
            1021,
            Or,
            1022,
        ),
    ),
    Ok(
        (
            1023,
            Str(
                "q",
            ),
            1026,
        ),
    ),
    Ok(
        (
            1027,
            Or,
            1028,
        ),
    ),
    Ok(
        (
            1029,
            Str(
                "r",
            ),
            1032,
        ),
    ),
    Ok(
        (
            1033,
            Or,
            1034,
        ),
    ),
    Ok(
        (
            1035,
            Str(
                "s",
            ),
            1038,
        ),
    ),
    Ok(
        (
            1039,
            Or,
            1040,
        ),
    ),
    Ok(
        (
            1041,
            Str(
                "t",
            ),
            1044,
        ),
    ),
    Ok(
        (
            1045,
            Or,
            1046,
        ),
    ),
    Ok(
        (
            1047,
            Str(
                "u",
            ),
            1050,
        ),
    ),
    Ok(
        (
            1051,
            Or,
            1052,
        ),
    ),
    Ok(
        (
            1053,
            Str(
                "v",
            ),
            1056,
        ),
    ),
    Ok(
        (
            1057,
            Or,
            1058,
        ),
    ),
    Ok(
        (
            1059,
            Str(
                "w",
            ),
            1062,
        ),
    ),
    Ok(
        (
            1063,
            Or,
            1064,
        ),
    ),
    Ok(
        (
            1065,
            Str(
                "x",
            ),
            1068,
        ),
    ),
    Ok(
        (
            1069,
            Or,
            1070,
        ),
    ),
    Ok(
        (
            1071,
            Str(
                "y",
            ),
            1074,
        ),
    ),
    Ok(
        (
            1075,
            Or,
            1076,
        ),
    ),
    Ok(
        (
            1077,
            Str(
                "z",
            ),
            1080,
        ),
    ),
    Ok(
        (
            1081,
            Semi,
            1082,
        ),
    ),
    Ok(
        (
            1084,
            LAngle,
            1085,
        ),
    ),
    Ok(
        (
            1085,
            Id(
                "digit",
            ),
            1090,
        ),
    ),
    Ok(
        (
            1090,
            RAngle,
            1091,
        ),
    ),
    Ok(
        (
            1101,
            Def,
            1104,
        ),
    ),
    Ok(
        (
            1105,
            Str(
                "0",
            ),
            1108,
        ),
    ),
    Ok(
        (
            1109,
            Or,
            1110,
        ),
    ),
    Ok(
        (
            1111,
            Str(
                "1",
            ),
            1114,
        ),
    ),
    Ok(
        (
            1115,
            Or,
            1116,
        ),
    ),
    Ok(
        (
            1117,
            Str(
                "2",
            ),
            1120,
        ),
    ),
    Ok(
        (
            1121,
            Or,
            1122,
        ),
    ),
    Ok(
        (
            1123,
            Str(
                "3",
            ),
            1126,
        ),
    ),
    Ok(
        (
            1127,
            Or,
            1128,
        ),
    ),
    Ok(
        (
            1129,
            Str(
                "4",
            ),
            1132,
        ),
    ),
    Ok(
        (
            1133,
            Or,
            1134,
        ),
    ),
    Ok(
        (
            1135,
            Str(
                "5",
            ),
            1138,
        ),
    ),
    Ok(
        (
            1139,
            Or,
            1140,
        ),
    ),
    Ok(
        (
            1141,
            Str(
                "6",
            ),
            1144,
        ),
    ),
    Ok(
        (
            1145,
            Or,
            1146,
        ),
    ),
    Ok(
        (
            1147,
            Str(
                "7",
            ),
            1150,
        ),
    ),
    Ok(
        (
            1151,
            Or,
            1152,
        ),
    ),
    Ok(
        (
            1153,
            Str(
                "8",
            ),
            1156,
        ),
    ),
    Ok(
        (
            1157,
            Or,
            1158,
        ),
    ),
    Ok(
        (
            1159,
            Str(
                "9",
            ),
            1162,
        ),
    ),
    Ok(
        (
            1163,
            Semi,
            1164,
        ),
    ),
    Ok(
        (
            1166,
            LAngle,
            1167,
        ),
    ),
    Ok(
        (
            1167,
            Id(
                "symbol",
            ),
            1173,
        ),
    ),
    Ok(
        (
            1173,
            RAngle,
            1174,
        ),
    ),
    Ok(
        (
            1183,
            Def,
            1186,
        ),
    ),
    Ok(
        (
            1187,
            Str(
                "|",
            ),
            1190,
        ),
    ),
    Ok(
        (
            1191,
            Or,
            1192,
        ),
    ),
    Ok(
        (
            1193,
            Str(
                " ",
            ),
            1196,
        ),
    ),
    Ok(
        (
            1197,
            Or,
            1198,
        ),
    ),
    Ok(
        (
            1199,
            Str(
                "!",
            ),
            1202,
        ),
    ),
    Ok(
        (
            1203,
            Or,
            1204,
        ),
    ),
    Ok(
        (
            1205,
            Str(
                "#",
            ),
            1208,
        ),
    ),
    Ok(
        (
            1209,
            Or,
            1210,
        ),
    ),
    Ok(
        (
            1211,
            Str(
                "$",
            ),
            1214,
        ),
    ),
    Ok(
        (
            1215,
            Or,
            1216,
        ),
    ),
    Ok(
        (
            1217,
            Str(
                "%",
            ),
            1220,
        ),
    ),
    Ok(
        (
            1221,
            Or,
            1222,
        ),
    ),
    Ok(
        (
            1223,
            Str(
                "&",
            ),
            1226,
        ),
    ),
    Ok(
        (
            1227,
            Or,
            1228,
        ),
    ),
    Ok(
        (
            1229,
            Str(
                "(",
            ),
            1232,
        ),
    ),
    Ok(
        (
            1233,
            Or,
            1234,
        ),
    ),
    Ok(
        (
            1235,
            Str(
                ")",
            ),
            1238,
        ),
    ),
    Ok(
        (
            1239,
            Or,
            1240,
        ),
    ),
    Ok(
        (
            1241,
            Str(
                "*",
            ),
            1244,
        ),
    ),
    Ok(
        (
            1245,
            Or,
            1246,
        ),
    ),
    Ok(
        (
            1247,
            Str(
                "+",
            ),
            1250,
        ),
    ),
    Ok(
        (
            1251,
            Or,
            1252,
        ),
    ),
    Ok(
        (
            1253,
            Str(
                ",",
            ),
            1256,
        ),
    ),
    Ok(
        (
            1257,
            Or,
            1258,
        ),
    ),
    Ok(
        (
            1259,
            Str(
                "-",
            ),
            1262,
        ),
    ),
    Ok(
        (
            1263,
            Or,
            1264,
        ),
    ),
    Ok(
        (
            1265,
            Str(
                ".",
            ),
            1268,
        ),
    ),
    Ok(
        (
            1269,
            Or,
            1270,
        ),
    ),
    Ok(
        (
            1271,
            Str(
                "/",
            ),
            1274,
        ),
    ),
    Ok(
        (
            1275,
            Or,
            1276,
        ),
    ),
    Ok(
        (
            1277,
            Str(
                ":",
            ),
            1280,
        ),
    ),
    Ok(
        (
            1281,
            Or,
            1282,
        ),
    ),
    Ok(
        (
            1283,
            Str(
                ";",
            ),
            1286,
        ),
    ),
    Ok(
        (
            1287,
            Or,
            1288,
        ),
    ),
    Ok(
        (
            1289,
            Str(
                ">",
            ),
            1292,
        ),
    ),
    Ok(
        (
            1293,
            Or,
            1294,
        ),
    ),
    Ok(
        (
            1295,
            Str(
                "=",
            ),
            1298,
        ),
    ),
    Ok(
        (
            1299,
            Or,
            1300,
        ),
    ),
    Ok(
        (
            1301,
            Str(
                "<",
            ),
            1304,
        ),
    ),
    Ok(
        (
            1305,
            Or,
            1306,
        ),
    ),
    Ok(
        (
            1307,
            Str(
                "?",
            ),
            1310,
        ),
    ),
    Ok(
        (
            1311,
            Or,
            1312,
        ),
    ),
    Ok(
        (
            1313,
            Str(
                "@",
            ),
            1316,
        ),
    ),
    Ok(
        (
            1317,
            Or,
            1318,
        ),
    ),
    Ok(
        (
            1319,
            Str(
                "[",
            ),
            1322,
        ),
    ),
    Ok(
        (
            1323,
            Or,
            1324,
        ),
    ),
    Ok(
        (
            1325,
            Str(
                "\\\\",
            ),
            1329,
        ),
    ),
    Ok(
        (
            1330,
            Or,
            1331,
        ),
    ),
    Ok(
        (
            1332,
            Str(
                "]",
            ),
            1335,
        ),
    ),
    Ok(
        (
            1336,
            Or,
            1337,
        ),
    ),
    Ok(
        (
            1338,
            Str(
                "^",
            ),
            1341,
        ),
    ),
    Ok(
        (
            1342,
            Or,
            1343,
        ),
    ),
    Ok(
        (
            1344,
            Str(
                "_",
            ),
            1347,
        ),
    ),
    Ok(
        (
            1348,
            Or,
            1349,
        ),
    ),
    Ok(
        (
            1350,
            Str(
                "`",
            ),
            1353,
        ),
    ),
    Ok(
        (
            1354,
            Or,
            1355,
        ),
    ),
    Ok(
        (
            1356,
            Str(
                "{",
            ),
            1359,
        ),
    ),
    Ok(
        (
            1360,
            Or,
            1361,
        ),
    ),
    Ok(
        (
            1362,
            Str(
                "}",
            ),
            1365,
        ),
    ),
    Ok(
        (
            1366,
            Or,
            1367,
        ),
    ),
    Ok(
        (
            1368,
            Str(
                "~",
            ),
            1371,
        ),
    ),
    Ok(
        (
            1372,
            Semi,
            1373,
        ),
    ),
    Ok(
        (
            1375,
            LAngle,
            1376,
        ),
    ),
    Ok(
        (
            1376,
            Id(
                "character1",
            ),
            1386,
        ),
    ),
    Ok(
        (
            1386,
            RAngle,
            1387,
        ),
    ),
    Ok(
        (
            1392,
            Def,
            1395,
        ),
    ),
    Ok(
        (
            1396,
            Int(
                10,
            ),
            1398,
        ),
    ),
    Ok(
        (
            1399,
            LAngle,
            1400,
        ),
    ),
    Ok(
        (
            1400,
            Id(
                "character",
            ),
            1409,
        ),
    ),
    Ok(
        (
            1409,
            RAngle,
            1410,
        ),
    ),
    Ok(
        (
            1411,
            Or,
            1412,
        ),
    ),
    Ok(
        (
            1413,
            Str(
                "'",
            ),
            1416,
        ),
    ),
    Ok(
        (
            1417,
            Semi,
            1418,
        ),
    ),
    Ok(
        (
            1420,
            LAngle,
            1421,
        ),
    ),
    Ok(
        (
            1421,
            Id(
                "character2",
            ),
            1431,
        ),
    ),
    Ok(
        (
            1431,
            RAngle,
            1432,
        ),
    ),
    Ok(
        (
            1437,
            Def,
            1440,
        ),
    ),
    Ok(
        (
            1441,
            Int(
                10,
            ),
            1443,
        ),
    ),
    Ok(
        (
            1444,
            LAngle,
            1445,
        ),
    ),
    Ok(
        (
            1445,
            Id(
                "character",
            ),
            1454,
        ),
    ),
    Ok(
        (
            1454,
            RAngle,
            1455,
        ),
    ),
    Ok(
        (
            1456,
            Or,
            1457,
        ),
    ),
    Ok(
        (
            1458,
            Str(
                "\"",
            ),
            1462,
        ),
    ),
    Ok(
        (
            1463,
            Semi,
            1464,
        ),
    ),
    Ok(
        (
            1466,
            LAngle,
            1467,
        ),
    ),
    Ok(
        (
            1467,
            Id(
                "rule-name",
            ),
            1476,
        ),
    ),
    Ok(
        (
            1476,
            RAngle,
            1477,
        ),
    ),
    Ok(
        (
            1483,
            Def,
            1486,
        ),
    ),
    Ok(
        (
            1487,
            LAngle,
            1488,
        ),
    ),
    Ok(
        (
            1488,
            Id(
                "letter",
            ),
            1494,
        ),
    ),
    Ok(
        (
            1494,
            RAngle,
            1495,
        ),
    ),
    Ok(
        (
            1496,
            Or,
            1497,
        ),
    ),
    Ok(
        (
            1498,
            LAngle,
            1499,
        ),
    ),
    Ok(
        (
            1499,
            Id(
                "rule-name",
            ),
            1508,
        ),
    ),
    Ok(
        (
            1508,
            RAngle,
            1509,
        ),
    ),
    Ok(
        (
            1510,
            LAngle,
            1511,
        ),
    ),
    Ok(
        (
            1511,
            Id(
                "rule-char",
            ),
            1520,
        ),
    ),
    Ok(
        (
            1520,
            RAngle,
            1521,
        ),
    ),
    Ok(
        (
            1522,
            Semi,
            1523,
        ),
    ),
    Ok(
        (
            1525,
            LAngle,
            1526,
        ),
    ),
    Ok(
        (
            1526,
            Id(
                "rule-char",
            ),
            1535,
        ),
    ),
    Ok(
        (
            1535,
            RAngle,
            1536,
        ),
    ),
    Ok(
        (
            1542,
            Def,
            1545,
        ),
    ),
    Ok(
        (
            1546,
            LAngle,
            1547,
        ),
    ),
    Ok(
        (
            1547,
            Id(
                "letter",
            ),
            1553,
        ),
    ),
    Ok(
        (
            1553,
            RAngle,
            1554,
        ),
    ),
    Ok(
        (
            1555,
            Or,
            1556,
        ),
    ),
    Ok(
        (
            1557,
            LAngle,
            1558,
        ),
    ),
    Ok(
        (
            1558,
            Id(
                "digit",
            ),
            1563,
        ),
    ),
    Ok(
        (
            1563,
            RAngle,
            1564,
        ),
    ),
    Ok(
        (
            1565,
            Or,
            1566,
        ),
    ),
    Ok(
        (
            1567,
            Str(
                "-",
            ),
            1570,
        ),
    ),
    Ok(
        (
            1571,
            Semi,
            1572,
        ),
    ),
    Ok(
        (
            1574,
            LAngle,
            1575,
        ),
    ),
    Ok(
        (
            1575,
            Id(
                "EOL",
            ),
            1578,
        ),
    ),
    Ok(
        (
            1578,
            RAngle,
            1579,
        ),
    ),
    Ok(
        (
            1591,
            Def,
            1594,
        ),
    ),
    Ok(
        (
            1595,
            Str(
                "\n",
            ),
            1599,
        ),
    ),
    Ok(
        (
            1600,
            Semi,
            1601,
        ),
    ),
]
