---
source: src/grammar/mod.rs
expression: grammar
---
RawGrammar {
    rules: [
        Rule {
            lhs: NonTerminal {
                name: "start",
                ty: Untyped,
            },
            production: WeightedProduction {
                alts: [
                    Alternative {
                        span: Span {
                            start: 12,
                            end: 24,
                        },
                        weight: 1,
                        invoke_limit: Unlimited,
                        symbols: [
                            Symbol {
                                kind: NonTerminal(
                                    NonTerminal {
                                        name: "statements",
                                        ty: Untyped,
                                    },
                                ),
                                span: Span {
                                    start: 12,
                                    end: 24,
                                },
                            },
                        ],
                    },
                ],
            },
            span: Span {
                start: 0,
                end: 25,
            },
        },
        Rule {
            lhs: NonTerminal {
                name: "statements",
                ty: Untyped,
            },
            production: WeightedProduction {
                alts: [
                    Alternative {
                        span: Span {
                            start: 44,
                            end: 72,
                        },
                        weight: 100,
                        invoke_limit: Unlimited,
                        symbols: [
                            Symbol {
                                kind: NonTerminal(
                                    NonTerminal {
                                        name: "statements",
                                        ty: Untyped,
                                    },
                                ),
                                span: Span {
                                    start: 48,
                                    end: 60,
                                },
                            },
                            Symbol {
                                kind: NonTerminal(
                                    NonTerminal {
                                        name: "statement",
                                        ty: Untyped,
                                    },
                                ),
                                span: Span {
                                    start: 61,
                                    end: 72,
                                },
                            },
                        ],
                    },
                    Alternative {
                        span: Span {
                            start: 75,
                            end: 86,
                        },
                        weight: 1,
                        invoke_limit: Unlimited,
                        symbols: [
                            Symbol {
                                kind: NonTerminal(
                                    NonTerminal {
                                        name: "statement",
                                        ty: Untyped,
                                    },
                                ),
                                span: Span {
                                    start: 75,
                                    end: 86,
                                },
                            },
                        ],
                    },
                ],
            },
            span: Span {
                start: 27,
                end: 87,
            },
        },
        Rule {
            lhs: NonTerminal {
                name: "statement",
                ty: Untyped,
            },
            production: WeightedProduction {
                alts: [
                    Alternative {
                        span: Span {
                            start: 105,
                            end: 111,
                        },
                        weight: 1,
                        invoke_limit: Unlimited,
                        symbols: [
                            Symbol {
                                kind: NonTerminal(
                                    NonTerminal {
                                        name: "loop",
                                        ty: Untyped,
                                    },
                                ),
                                span: Span {
                                    start: 105,
                                    end: 111,
                                },
                            },
                        ],
                    },
                    Alternative {
                        span: Span {
                            start: 114,
                            end: 124,
                        },
                        weight: 1,
                        invoke_limit: Unlimited,
                        symbols: [
                            Symbol {
                                kind: NonTerminal(
                                    NonTerminal {
                                        name: "commands",
                                        ty: Untyped,
                                    },
                                ),
                                span: Span {
                                    start: 114,
                                    end: 124,
                                },
                            },
                        ],
                    },
                ],
            },
            span: Span {
                start: 89,
                end: 125,
            },
        },
        Rule {
            lhs: NonTerminal {
                name: "loop",
                ty: Untyped,
            },
            production: WeightedProduction {
                alts: [
                    Alternative {
                        span: Span {
                            start: 138,
                            end: 156,
                        },
                        weight: 1,
                        invoke_limit: Unlimited,
                        symbols: [
                            Symbol {
                                kind: Terminal(
                                    "[",
                                ),
                                span: Span {
                                    start: 138,
                                    end: 141,
                                },
                            },
                            Symbol {
                                kind: NonTerminal(
                                    NonTerminal {
                                        name: "commands",
                                        ty: Untyped,
                                    },
                                ),
                                span: Span {
                                    start: 142,
                                    end: 152,
                                },
                            },
                            Symbol {
                                kind: Terminal(
                                    "]",
                                ),
                                span: Span {
                                    start: 153,
                                    end: 156,
                                },
                            },
                        ],
                    },
                ],
            },
            span: Span {
                start: 127,
                end: 157,
            },
        },
        Rule {
            lhs: NonTerminal {
                name: "commands",
                ty: Untyped,
            },
            production: WeightedProduction {
                alts: [
                    Alternative {
                        span: Span {
                            start: 174,
                            end: 197,
                        },
                        weight: 10,
                        invoke_limit: Unlimited,
                        symbols: [
                            Symbol {
                                kind: NonTerminal(
                                    NonTerminal {
                                        name: "commands",
                                        ty: Untyped,
                                    },
                                ),
                                span: Span {
                                    start: 177,
                                    end: 187,
                                },
                            },
                            Symbol {
                                kind: NonTerminal(
                                    NonTerminal {
                                        name: "command",
                                        ty: Untyped,
                                    },
                                ),
                                span: Span {
                                    start: 188,
                                    end: 197,
                                },
                            },
                        ],
                    },
                    Alternative {
                        span: Span {
                            start: 200,
                            end: 209,
                        },
                        weight: 1,
                        invoke_limit: Unlimited,
                        symbols: [
                            Symbol {
                                kind: NonTerminal(
                                    NonTerminal {
                                        name: "command",
                                        ty: Untyped,
                                    },
                                ),
                                span: Span {
                                    start: 200,
                                    end: 209,
                                },
                            },
                        ],
                    },
                ],
            },
            span: Span {
                start: 159,
                end: 210,
            },
        },
        Rule {
            lhs: NonTerminal {
                name: "command",
                ty: Untyped,
            },
            production: WeightedProduction {
                alts: [
                    Alternative {
                        span: Span {
                            start: 226,
                            end: 252,
                        },
                        weight: 5,
                        invoke_limit: Unlimited,
                        symbols: [
                            Symbol {
                                kind: NonTerminal(
                                    NonTerminal {
                                        name: "ptrgroup",
                                        ty: Untyped,
                                    },
                                ),
                                span: Span {
                                    start: 228,
                                    end: 238,
                                },
                            },
                            Symbol {
                                kind: NonTerminal(
                                    NonTerminal {
                                        name: "arithmgroup",
                                        ty: Untyped,
                                    },
                                ),
                                span: Span {
                                    start: 239,
                                    end: 252,
                                },
                            },
                        ],
                    },
                    Alternative {
                        span: Span {
                            start: 255,
                            end: 259,
                        },
                        weight: 1,
                        invoke_limit: Unlimited,
                        symbols: [
                            Symbol {
                                kind: NonTerminal(
                                    NonTerminal {
                                        name: "io",
                                        ty: Untyped,
                                    },
                                ),
                                span: Span {
                                    start: 255,
                                    end: 259,
                                },
                            },
                        ],
                    },
                ],
            },
            span: Span {
                start: 212,
                end: 260,
            },
        },
        Rule {
            lhs: NonTerminal {
                name: "ptrinc",
                ty: Untyped,
            },
            production: WeightedProduction {
                alts: [
                    Alternative {
                        span: Span {
                            start: 275,
                            end: 289,
                        },
                        weight: 5,
                        invoke_limit: Unlimited,
                        symbols: [
                            Symbol {
                                kind: NonTerminal(
                                    NonTerminal {
                                        name: "ptrinc",
                                        ty: Untyped,
                                    },
                                ),
                                span: Span {
                                    start: 277,
                                    end: 285,
                                },
                            },
                            Symbol {
                                kind: Terminal(
                                    ">",
                                ),
                                span: Span {
                                    start: 286,
                                    end: 289,
                                },
                            },
                        ],
                    },
                    Alternative {
                        span: Span {
                            start: 292,
                            end: 295,
                        },
                        weight: 1,
                        invoke_limit: Unlimited,
                        symbols: [
                            Symbol {
                                kind: Terminal(
                                    ">",
                                ),
                                span: Span {
                                    start: 292,
                                    end: 295,
                                },
                            },
                        ],
                    },
                ],
            },
            span: Span {
                start: 262,
                end: 296,
            },
        },
        Rule {
            lhs: NonTerminal {
                name: "ptrdec",
                ty: Untyped,
            },
            production: WeightedProduction {
                alts: [
                    Alternative {
                        span: Span {
                            start: 311,
                            end: 325,
                        },
                        weight: 5,
                        invoke_limit: Unlimited,
                        symbols: [
                            Symbol {
                                kind: NonTerminal(
                                    NonTerminal {
                                        name: "ptrdec",
                                        ty: Untyped,
                                    },
                                ),
                                span: Span {
                                    start: 313,
                                    end: 321,
                                },
                            },
                            Symbol {
                                kind: Terminal(
                                    "<",
                                ),
                                span: Span {
                                    start: 322,
                                    end: 325,
                                },
                            },
                        ],
                    },
                    Alternative {
                        span: Span {
                            start: 328,
                            end: 331,
                        },
                        weight: 1,
                        invoke_limit: Unlimited,
                        symbols: [
                            Symbol {
                                kind: Terminal(
                                    "<",
                                ),
                                span: Span {
                                    start: 328,
                                    end: 331,
                                },
                            },
                        ],
                    },
                ],
            },
            span: Span {
                start: 298,
                end: 332,
            },
        },
        Rule {
            lhs: NonTerminal {
                name: "valinc",
                ty: Untyped,
            },
            production: WeightedProduction {
                alts: [
                    Alternative {
                        span: Span {
                            start: 347,
                            end: 361,
                        },
                        weight: 5,
                        invoke_limit: Unlimited,
                        symbols: [
                            Symbol {
                                kind: NonTerminal(
                                    NonTerminal {
                                        name: "valinc",
                                        ty: Untyped,
                                    },
                                ),
                                span: Span {
                                    start: 349,
                                    end: 357,
                                },
                            },
                            Symbol {
                                kind: Terminal(
                                    "+",
                                ),
                                span: Span {
                                    start: 358,
                                    end: 361,
                                },
                            },
                        ],
                    },
                    Alternative {
                        span: Span {
                            start: 364,
                            end: 367,
                        },
                        weight: 1,
                        invoke_limit: Unlimited,
                        symbols: [
                            Symbol {
                                kind: Terminal(
                                    "+",
                                ),
                                span: Span {
                                    start: 364,
                                    end: 367,
                                },
                            },
                        ],
                    },
                ],
            },
            span: Span {
                start: 334,
                end: 368,
            },
        },
        Rule {
            lhs: NonTerminal {
                name: "valdec",
                ty: Untyped,
            },
            production: WeightedProduction {
                alts: [
                    Alternative {
                        span: Span {
                            start: 383,
                            end: 397,
                        },
                        weight: 5,
                        invoke_limit: Unlimited,
                        symbols: [
                            Symbol {
                                kind: NonTerminal(
                                    NonTerminal {
                                        name: "valdec",
                                        ty: Untyped,
                                    },
                                ),
                                span: Span {
                                    start: 385,
                                    end: 393,
                                },
                            },
                            Symbol {
                                kind: Terminal(
                                    "+",
                                ),
                                span: Span {
                                    start: 394,
                                    end: 397,
                                },
                            },
                        ],
                    },
                    Alternative {
                        span: Span {
                            start: 400,
                            end: 403,
                        },
                        weight: 1,
                        invoke_limit: Unlimited,
                        symbols: [
                            Symbol {
                                kind: Terminal(
                                    "-",
                                ),
                                span: Span {
                                    start: 400,
                                    end: 403,
                                },
                            },
                        ],
                    },
                ],
            },
            span: Span {
                start: 370,
                end: 404,
            },
        },
        Rule {
            lhs: NonTerminal {
                name: "ptrgroup",
                ty: Untyped,
            },
            production: WeightedProduction {
                alts: [
                    Alternative {
                        span: Span {
                            start: 421,
                            end: 431,
                        },
                        weight: 5,
                        invoke_limit: Unlimited,
                        symbols: [
                            Symbol {
                                kind: NonTerminal(
                                    NonTerminal {
                                        name: "ptrinc",
                                        ty: Untyped,
                                    },
                                ),
                                span: Span {
                                    start: 423,
                                    end: 431,
                                },
                            },
                        ],
                    },
                    Alternative {
                        span: Span {
                            start: 434,
                            end: 442,
                        },
                        weight: 1,
                        invoke_limit: Unlimited,
                        symbols: [
                            Symbol {
                                kind: NonTerminal(
                                    NonTerminal {
                                        name: "ptrdec",
                                        ty: Untyped,
                                    },
                                ),
                                span: Span {
                                    start: 434,
                                    end: 442,
                                },
                            },
                        ],
                    },
                ],
            },
            span: Span {
                start: 406,
                end: 443,
            },
        },
        Rule {
            lhs: NonTerminal {
                name: "arithmgroup",
                ty: Untyped,
            },
            production: WeightedProduction {
                alts: [
                    Alternative {
                        span: Span {
                            start: 463,
                            end: 473,
                        },
                        weight: 5,
                        invoke_limit: Unlimited,
                        symbols: [
                            Symbol {
                                kind: NonTerminal(
                                    NonTerminal {
                                        name: "valinc",
                                        ty: Untyped,
                                    },
                                ),
                                span: Span {
                                    start: 465,
                                    end: 473,
                                },
                            },
                        ],
                    },
                    Alternative {
                        span: Span {
                            start: 476,
                            end: 484,
                        },
                        weight: 1,
                        invoke_limit: Unlimited,
                        symbols: [
                            Symbol {
                                kind: NonTerminal(
                                    NonTerminal {
                                        name: "valdec",
                                        ty: Untyped,
                                    },
                                ),
                                span: Span {
                                    start: 476,
                                    end: 484,
                                },
                            },
                        ],
                    },
                ],
            },
            span: Span {
                start: 445,
                end: 485,
            },
        },
        Rule {
            lhs: NonTerminal {
                name: "io",
                ty: Untyped,
            },
            production: WeightedProduction {
                alts: [
                    Alternative {
                        span: Span {
                            start: 496,
                            end: 499,
                        },
                        weight: 1,
                        invoke_limit: Unlimited,
                        symbols: [
                            Symbol {
                                kind: Terminal(
                                    ".",
                                ),
                                span: Span {
                                    start: 496,
                                    end: 499,
                                },
                            },
                        ],
                    },
                    Alternative {
                        span: Span {
                            start: 502,
                            end: 505,
                        },
                        weight: 1,
                        invoke_limit: Unlimited,
                        symbols: [
                            Symbol {
                                kind: Terminal(
                                    ",",
                                ),
                                span: Span {
                                    start: 502,
                                    end: 505,
                                },
                            },
                        ],
                    },
                ],
            },
            span: Span {
                start: 487,
                end: 506,
            },
        },
    ],
}
