---
source: src/grammar/mod.rs
expression: grammar
---
RawGrammar {
    rules: [
        Rule {
            lhs: NonTerminal {
                name: "E",
                ty: Untyped,
                action: None,
            },
            production: WeightedProduction {
                alts: [
                    Alternative {
                        span: Span {
                            start: 21,
                            end: 46,
                        },
                        weight: 1,
                        invoke_limit: Unlimited,
                        symbols: [
                            Symbol {
                                kind: NonTerminal(
                                    NonTerminal {
                                        name: "E",
                                        ty: Typed(
                                            "int",
                                        ),
                                        action: None,
                                    },
                                ),
                                span: Span {
                                    start: 21,
                                    end: 31,
                                },
                            },
                            Symbol {
                                kind: Terminal(
                                    "+",
                                ),
                                span: Span {
                                    start: 32,
                                    end: 35,
                                },
                            },
                            Symbol {
                                kind: NonTerminal(
                                    NonTerminal {
                                        name: "E",
                                        ty: Typed(
                                            "int",
                                        ),
                                        action: None,
                                    },
                                ),
                                span: Span {
                                    start: 36,
                                    end: 46,
                                },
                            },
                        ],
                    },
                ],
            },
            span: Span {
                start: 13,
                end: 48,
            },
        },
        Rule {
            lhs: NonTerminal {
                name: "S",
                ty: Typed(
                    "int",
                ),
                action: None,
            },
            production: WeightedProduction {
                alts: [
                    Alternative {
                        span: Span {
                            start: 76,
                            end: 79,
                        },
                        weight: 1,
                        invoke_limit: Unlimited,
                        symbols: [
                            Symbol {
                                kind: NonTerminal(
                                    NonTerminal {
                                        name: "E",
                                        ty: Untyped,
                                        action: None,
                                    },
                                ),
                                span: Span {
                                    start: 76,
                                    end: 79,
                                },
                            },
                        ],
                    },
                ],
            },
            span: Span {
                start: 61,
                end: 81,
            },
        },
    ],
}
