---
source: src/lexer.rs
expression: tokens
---
[
    Ok(
        (
            13,
            NonTerminal(
                "E",
            ),
            16,
        ),
    ),
    Ok(
        (
            17,
            Def,
            20,
        ),
    ),
    Ok(
        (
            21,
            NonTerminal(
                "T",
            ),
            24,
        ),
    ),
    Ok(
        (
            25,
            OR,
            26,
        ),
    ),
    Ok(
        (
            27,
            NonTerminal(
                "E",
            ),
            30,
        ),
    ),
    Ok(
        (
            31,
            Terminal(
                "+",
            ),
            34,
        ),
    ),
    Ok(
        (
            35,
            NonTerminal(
                "T",
            ),
            38,
        ),
    ),
    Ok(
        (
            39,
            Terminal(
                ";",
            ),
            42,
        ),
    ),
    Ok(
        (
            43,
            Terminal(
                "\\\"",
            ),
            47,
        ),
    ),
    Ok(
        (
            48,
            Terminal(
                "\\'",
            ),
            52,
        ),
    ),
    Ok(
        (
            53,
            Semi,
            54,
        ),
    ),
]
