---
source: src/grammar.rs
expression: grammar
---
RawGrammar {
    rules: [
        Rule {
            name: "start",
            production: WeightedProduction {
                production: [
                    Alternative {
                        weight: 1,
                        symbols: [
                            Symbol {
                                kind: NonTerminal(
                                    "statements",
                                ),
                            },
                        ],
                    },
                ],
            },
        },
        Rule {
            name: "statements",
            production: WeightedProduction {
                production: [
                    Alternative {
                        weight: 100,
                        symbols: [
                            Symbol {
                                kind: NonTerminal(
                                    "statements",
                                ),
                            },
                            Symbol {
                                kind: NonTerminal(
                                    "statement",
                                ),
                            },
                        ],
                    },
                    Alternative {
                        weight: 1,
                        symbols: [
                            Symbol {
                                kind: NonTerminal(
                                    "statement",
                                ),
                            },
                        ],
                    },
                ],
            },
        },
        Rule {
            name: "statement",
            production: WeightedProduction {
                production: [
                    Alternative {
                        weight: 1,
                        symbols: [
                            Symbol {
                                kind: NonTerminal(
                                    "loop",
                                ),
                            },
                        ],
                    },
                    Alternative {
                        weight: 1,
                        symbols: [
                            Symbol {
                                kind: NonTerminal(
                                    "commands",
                                ),
                            },
                        ],
                    },
                ],
            },
        },
        Rule {
            name: "loop",
            production: WeightedProduction {
                production: [
                    Alternative {
                        weight: 1,
                        symbols: [
                            Symbol {
                                kind: Terminal(
                                    "[",
                                ),
                            },
                            Symbol {
                                kind: NonTerminal(
                                    "commands",
                                ),
                            },
                            Symbol {
                                kind: Terminal(
                                    "]",
                                ),
                            },
                        ],
                    },
                ],
            },
        },
        Rule {
            name: "commands",
            production: WeightedProduction {
                production: [
                    Alternative {
                        weight: 10,
                        symbols: [
                            Symbol {
                                kind: NonTerminal(
                                    "commands",
                                ),
                            },
                            Symbol {
                                kind: NonTerminal(
                                    "command",
                                ),
                            },
                        ],
                    },
                    Alternative {
                        weight: 1,
                        symbols: [
                            Symbol {
                                kind: NonTerminal(
                                    "command",
                                ),
                            },
                        ],
                    },
                ],
            },
        },
        Rule {
            name: "command",
            production: WeightedProduction {
                production: [
                    Alternative {
                        weight: 5,
                        symbols: [
                            Symbol {
                                kind: NonTerminal(
                                    "ptrgroup",
                                ),
                            },
                            Symbol {
                                kind: NonTerminal(
                                    "arithmgroup",
                                ),
                            },
                        ],
                    },
                    Alternative {
                        weight: 1,
                        symbols: [
                            Symbol {
                                kind: NonTerminal(
                                    "io",
                                ),
                            },
                        ],
                    },
                ],
            },
        },
        Rule {
            name: "ptrinc",
            production: WeightedProduction {
                production: [
                    Alternative {
                        weight: 5,
                        symbols: [
                            Symbol {
                                kind: NonTerminal(
                                    "ptrinc",
                                ),
                            },
                            Symbol {
                                kind: Terminal(
                                    ">",
                                ),
                            },
                        ],
                    },
                    Alternative {
                        weight: 1,
                        symbols: [
                            Symbol {
                                kind: Terminal(
                                    ">",
                                ),
                            },
                        ],
                    },
                ],
            },
        },
        Rule {
            name: "ptrdec",
            production: WeightedProduction {
                production: [
                    Alternative {
                        weight: 5,
                        symbols: [
                            Symbol {
                                kind: NonTerminal(
                                    "ptrdec",
                                ),
                            },
                            Symbol {
                                kind: Terminal(
                                    "<",
                                ),
                            },
                        ],
                    },
                    Alternative {
                        weight: 1,
                        symbols: [
                            Symbol {
                                kind: Terminal(
                                    "<",
                                ),
                            },
                        ],
                    },
                ],
            },
        },
        Rule {
            name: "valinc",
            production: WeightedProduction {
                production: [
                    Alternative {
                        weight: 5,
                        symbols: [
                            Symbol {
                                kind: NonTerminal(
                                    "valinc",
                                ),
                            },
                            Symbol {
                                kind: Terminal(
                                    "+",
                                ),
                            },
                        ],
                    },
                    Alternative {
                        weight: 1,
                        symbols: [
                            Symbol {
                                kind: Terminal(
                                    "+",
                                ),
                            },
                        ],
                    },
                ],
            },
        },
        Rule {
            name: "valdec",
            production: WeightedProduction {
                production: [
                    Alternative {
                        weight: 5,
                        symbols: [
                            Symbol {
                                kind: NonTerminal(
                                    "valdec",
                                ),
                            },
                            Symbol {
                                kind: Terminal(
                                    "+",
                                ),
                            },
                        ],
                    },
                    Alternative {
                        weight: 1,
                        symbols: [
                            Symbol {
                                kind: Terminal(
                                    "-",
                                ),
                            },
                        ],
                    },
                ],
            },
        },
        Rule {
            name: "ptrgroup",
            production: WeightedProduction {
                production: [
                    Alternative {
                        weight: 5,
                        symbols: [
                            Symbol {
                                kind: NonTerminal(
                                    "ptrinc",
                                ),
                            },
                        ],
                    },
                    Alternative {
                        weight: 1,
                        symbols: [
                            Symbol {
                                kind: NonTerminal(
                                    "ptrdec",
                                ),
                            },
                        ],
                    },
                ],
            },
        },
        Rule {
            name: "arithmgroup",
            production: WeightedProduction {
                production: [
                    Alternative {
                        weight: 5,
                        symbols: [
                            Symbol {
                                kind: NonTerminal(
                                    "valinc",
                                ),
                            },
                        ],
                    },
                    Alternative {
                        weight: 1,
                        symbols: [
                            Symbol {
                                kind: NonTerminal(
                                    "valdec",
                                ),
                            },
                        ],
                    },
                ],
            },
        },
        Rule {
            name: "io",
            production: WeightedProduction {
                production: [
                    Alternative {
                        weight: 1,
                        symbols: [
                            Symbol {
                                kind: Terminal(
                                    ".",
                                ),
                            },
                        ],
                    },
                    Alternative {
                        weight: 1,
                        symbols: [
                            Symbol {
                                kind: Terminal(
                                    ",",
                                ),
                            },
                        ],
                    },
                ],
            },
        },
    ],
}
