---
source: src/generator.rs
expression: "&tree"
---
Branch {
    name: "S",
    children: [
        Branch {
            name: "E",
            children: [
                Leaf(
                    Terminal(
                        "false",
                    ),
                ),
            ],
        },
        Leaf(
            Terminal(
                "&",
            ),
        ),
        Branch {
            name: "E",
            children: [
                Leaf(
                    Terminal(
                        "false",
                    ),
                ),
            ],
        },
    ],
}
