---
source: src/lexer.rs
expression: tokens
---
[
    Ok(
        (
            1,
            NonTerminal(
                "syntax",
            ),
            9,
        ),
    ),
    Ok(
        (
            18,
            Def,
            21,
        ),
    ),
    Ok(
        (
            22,
            NonTerminal(
                "rule",
            ),
            28,
        ),
    ),
    Ok(
        (
            29,
            Or,
            30,
        ),
    ),
    Ok(
        (
            31,
            Int(
                10,
            ),
            33,
        ),
    ),
    Ok(
        (
            34,
            NonTerminal(
                "rule",
            ),
            40,
        ),
    ),
    Ok(
        (
            41,
            NonTerminal(
                "syntax",
            ),
            49,
        ),
    ),
    Ok(
        (
            50,
            Semi,
            51,
        ),
    ),
    Ok(
        (
            53,
            NonTerminal(
                "rule",
            ),
            59,
        ),
    ),
    Ok(
        (
            70,
            Def,
            73,
        ),
    ),
    Ok(
        (
            74,
            NonTerminal(
                "opt-whitespace",
            ),
            90,
        ),
    ),
    Ok(
        (
            91,
            Str(
                "<",
            ),
            94,
        ),
    ),
    Ok(
        (
            95,
            NonTerminal(
                "rule-name",
            ),
            106,
        ),
    ),
    Ok(
        (
            107,
            Str(
                ">",
            ),
            110,
        ),
    ),
    Ok(
        (
            111,
            NonTerminal(
                "opt-whitespace",
            ),
            127,
        ),
    ),
    Ok(
        (
            128,
            Str(
                "::=",
            ),
            133,
        ),
    ),
    Ok(
        (
            134,
            NonTerminal(
                "opt-whitespace",
            ),
            150,
        ),
    ),
    Ok(
        (
            151,
            NonTerminal(
                "expression",
            ),
            163,
        ),
    ),
    Ok(
        (
            164,
            Str(
                ";",
            ),
            167,
        ),
    ),
    Ok(
        (
            168,
            NonTerminal(
                "line-end",
            ),
            178,
        ),
    ),
    Ok(
        (
            179,
            Semi,
            180,
        ),
    ),
    Ok(
        (
            182,
            NonTerminal(
                "opt-whitespace",
            ),
            198,
        ),
    ),
    Ok(
        (
            199,
            Def,
            202,
        ),
    ),
    Ok(
        (
            203,
            Str(
                " ",
            ),
            206,
        ),
    ),
    Ok(
        (
            207,
            NonTerminal(
                "opt-whitespace",
            ),
            223,
        ),
    ),
    Ok(
        (
            224,
            Or,
            225,
        ),
    ),
    Ok(
        (
            226,
            Int(
                1000,
            ),
            230,
        ),
    ),
    Ok(
        (
            231,
            Str(
                "",
            ),
            233,
        ),
    ),
    Ok(
        (
            234,
            Semi,
            235,
        ),
    ),
    Ok(
        (
            237,
            NonTerminal(
                "expression",
            ),
            249,
        ),
    ),
    Ok(
        (
            254,
            Def,
            257,
        ),
    ),
    Ok(
        (
            258,
            NonTerminal(
                "list",
            ),
            264,
        ),
    ),
    Ok(
        (
            265,
            Or,
            266,
        ),
    ),
    Ok(
        (
            267,
            Int(
                5,
            ),
            268,
        ),
    ),
    Ok(
        (
            269,
            NonTerminal(
                "list",
            ),
            275,
        ),
    ),
    Ok(
        (
            276,
            NonTerminal(
                "opt-whitespace",
            ),
            292,
        ),
    ),
    Ok(
        (
            293,
            Str(
                "|",
            ),
            296,
        ),
    ),
    Ok(
        (
            297,
            NonTerminal(
                "opt-whitespace",
            ),
            313,
        ),
    ),
    Ok(
        (
            314,
            NonTerminal(
                "expression",
            ),
            326,
        ),
    ),
    Ok(
        (
            327,
            Semi,
            328,
        ),
    ),
    Ok(
        (
            330,
            NonTerminal(
                "line-end",
            ),
            340,
        ),
    ),
    Ok(
        (
            347,
            Def,
            350,
        ),
    ),
    Ok(
        (
            351,
            Int(
                10,
            ),
            353,
        ),
    ),
    Ok(
        (
            354,
            NonTerminal(
                "opt-whitespace",
            ),
            370,
        ),
    ),
    Ok(
        (
            371,
            NonTerminal(
                "EOL",
            ),
            376,
        ),
    ),
    Ok(
        (
            377,
            Or,
            378,
        ),
    ),
    Ok(
        (
            379,
            NonTerminal(
                "line-end",
            ),
            389,
        ),
    ),
    Ok(
        (
            390,
            NonTerminal(
                "line-end",
            ),
            400,
        ),
    ),
    Ok(
        (
            401,
            Semi,
            402,
        ),
    ),
    Ok(
        (
            404,
            NonTerminal(
                "list",
            ),
            410,
        ),
    ),
    Ok(
        (
            421,
            Def,
            424,
        ),
    ),
    Ok(
        (
            425,
            NonTerminal(
                "term",
            ),
            431,
        ),
    ),
    Ok(
        (
            432,
            Or,
            433,
        ),
    ),
    Ok(
        (
            434,
            NonTerminal(
                "term",
            ),
            440,
        ),
    ),
    Ok(
        (
            441,
            NonTerminal(
                "opt-whitespace",
            ),
            457,
        ),
    ),
    Ok(
        (
            458,
            NonTerminal(
                "list",
            ),
            464,
        ),
    ),
    Ok(
        (
            465,
            Semi,
            466,
        ),
    ),
    Ok(
        (
            468,
            NonTerminal(
                "term",
            ),
            474,
        ),
    ),
    Ok(
        (
            485,
            Def,
            488,
        ),
    ),
    Ok(
        (
            489,
            NonTerminal(
                "literal",
            ),
            498,
        ),
    ),
    Ok(
        (
            499,
            Or,
            500,
        ),
    ),
    Ok(
        (
            501,
            Str(
                "<",
            ),
            504,
        ),
    ),
    Ok(
        (
            505,
            NonTerminal(
                "rule-name",
            ),
            516,
        ),
    ),
    Ok(
        (
            517,
            Str(
                ">",
            ),
            520,
        ),
    ),
    Ok(
        (
            521,
            Semi,
            522,
        ),
    ),
    Ok(
        (
            524,
            NonTerminal(
                "literal",
            ),
            533,
        ),
    ),
    Ok(
        (
            541,
            Def,
            544,
        ),
    ),
    Ok(
        (
            545,
            Str(
                "\"",
            ),
            549,
        ),
    ),
    Ok(
        (
            550,
            NonTerminal(
                "text1",
            ),
            557,
        ),
    ),
    Ok(
        (
            558,
            Str(
                "\"",
            ),
            562,
        ),
    ),
    Ok(
        (
            563,
            Or,
            564,
        ),
    ),
    Ok(
        (
            565,
            Str(
                "'",
            ),
            568,
        ),
    ),
    Ok(
        (
            569,
            NonTerminal(
                "text2",
            ),
            576,
        ),
    ),
    Ok(
        (
            577,
            Str(
                "'",
            ),
            580,
        ),
    ),
    Ok(
        (
            581,
            Semi,
            582,
        ),
    ),
    Ok(
        (
            584,
            NonTerminal(
                "text1",
            ),
            591,
        ),
    ),
    Ok(
        (
            601,
            Def,
            604,
        ),
    ),
    Ok(
        (
            605,
            Str(
                "",
            ),
            607,
        ),
    ),
    Ok(
        (
            608,
            Or,
            609,
        ),
    ),
    Ok(
        (
            610,
            Int(
                10,
            ),
            612,
        ),
    ),
    Ok(
        (
            613,
            NonTerminal(
                "character1",
            ),
            625,
        ),
    ),
    Ok(
        (
            626,
            NonTerminal(
                "text1",
            ),
            633,
        ),
    ),
    Ok(
        (
            634,
            Semi,
            635,
        ),
    ),
    Ok(
        (
            637,
            NonTerminal(
                "text2",
            ),
            644,
        ),
    ),
    Ok(
        (
            654,
            Def,
            657,
        ),
    ),
    Ok(
        (
            658,
            Str(
                "",
            ),
            660,
        ),
    ),
    Ok(
        (
            661,
            Or,
            662,
        ),
    ),
    Ok(
        (
            663,
            Int(
                10,
            ),
            665,
        ),
    ),
    Ok(
        (
            666,
            NonTerminal(
                "character2",
            ),
            678,
        ),
    ),
    Ok(
        (
            679,
            NonTerminal(
                "text2",
            ),
            686,
        ),
    ),
    Ok(
        (
            687,
            Semi,
            688,
        ),
    ),
    Ok(
        (
            690,
            NonTerminal(
                "character",
            ),
            701,
        ),
    ),
    Ok(
        (
            707,
            Def,
            710,
        ),
    ),
    Ok(
        (
            711,
            Int(
                20,
            ),
            713,
        ),
    ),
    Ok(
        (
            714,
            NonTerminal(
                "letter",
            ),
            722,
        ),
    ),
    Ok(
        (
            723,
            Or,
            724,
        ),
    ),
    Ok(
        (
            725,
            Int(
                20,
            ),
            727,
        ),
    ),
    Ok(
        (
            728,
            NonTerminal(
                "digit",
            ),
            735,
        ),
    ),
    Ok(
        (
            736,
            Or,
            737,
        ),
    ),
    Ok(
        (
            738,
            NonTerminal(
                "symbol",
            ),
            746,
        ),
    ),
    Ok(
        (
            747,
            Semi,
            748,
        ),
    ),
    Ok(
        (
            750,
            NonTerminal(
                "letter",
            ),
            758,
        ),
    ),
    Ok(
        (
            767,
            Def,
            770,
        ),
    ),
    Ok(
        (
            771,
            Str(
                "A",
            ),
            774,
        ),
    ),
    Ok(
        (
            775,
            Or,
            776,
        ),
    ),
    Ok(
        (
            777,
            Str(
                "B",
            ),
            780,
        ),
    ),
    Ok(
        (
            781,
            Or,
            782,
        ),
    ),
    Ok(
        (
            783,
            Str(
                "C",
            ),
            786,
        ),
    ),
    Ok(
        (
            787,
            Or,
            788,
        ),
    ),
    Ok(
        (
            789,
            Str(
                "D",
            ),
            792,
        ),
    ),
    Ok(
        (
            793,
            Or,
            794,
        ),
    ),
    Ok(
        (
            795,
            Str(
                "E",
            ),
            798,
        ),
    ),
    Ok(
        (
            799,
            Or,
            800,
        ),
    ),
    Ok(
        (
            801,
            Str(
                "F",
            ),
            804,
        ),
    ),
    Ok(
        (
            805,
            Or,
            806,
        ),
    ),
    Ok(
        (
            807,
            Str(
                "G",
            ),
            810,
        ),
    ),
    Ok(
        (
            811,
            Or,
            812,
        ),
    ),
    Ok(
        (
            813,
            Str(
                "H",
            ),
            816,
        ),
    ),
    Ok(
        (
            817,
            Or,
            818,
        ),
    ),
    Ok(
        (
            819,
            Str(
                "I",
            ),
            822,
        ),
    ),
    Ok(
        (
            823,
            Or,
            824,
        ),
    ),
    Ok(
        (
            825,
            Str(
                "J",
            ),
            828,
        ),
    ),
    Ok(
        (
            829,
            Or,
            830,
        ),
    ),
    Ok(
        (
            831,
            Str(
                "K",
            ),
            834,
        ),
    ),
    Ok(
        (
            835,
            Or,
            836,
        ),
    ),
    Ok(
        (
            837,
            Str(
                "L",
            ),
            840,
        ),
    ),
    Ok(
        (
            841,
            Or,
            842,
        ),
    ),
    Ok(
        (
            843,
            Str(
                "M",
            ),
            846,
        ),
    ),
    Ok(
        (
            847,
            Or,
            848,
        ),
    ),
    Ok(
        (
            849,
            Str(
                "N",
            ),
            852,
        ),
    ),
    Ok(
        (
            853,
            Or,
            854,
        ),
    ),
    Ok(
        (
            855,
            Str(
                "O",
            ),
            858,
        ),
    ),
    Ok(
        (
            859,
            Or,
            860,
        ),
    ),
    Ok(
        (
            861,
            Str(
                "P",
            ),
            864,
        ),
    ),
    Ok(
        (
            865,
            Or,
            866,
        ),
    ),
    Ok(
        (
            867,
            Str(
                "Q",
            ),
            870,
        ),
    ),
    Ok(
        (
            871,
            Or,
            872,
        ),
    ),
    Ok(
        (
            873,
            Str(
                "R",
            ),
            876,
        ),
    ),
    Ok(
        (
            877,
            Or,
            878,
        ),
    ),
    Ok(
        (
            879,
            Str(
                "S",
            ),
            882,
        ),
    ),
    Ok(
        (
            883,
            Or,
            884,
        ),
    ),
    Ok(
        (
            885,
            Str(
                "T",
            ),
            888,
        ),
    ),
    Ok(
        (
            889,
            Or,
            890,
        ),
    ),
    Ok(
        (
            891,
            Str(
                "U",
            ),
            894,
        ),
    ),
    Ok(
        (
            895,
            Or,
            896,
        ),
    ),
    Ok(
        (
            897,
            Str(
                "V",
            ),
            900,
        ),
    ),
    Ok(
        (
            901,
            Or,
            902,
        ),
    ),
    Ok(
        (
            903,
            Str(
                "W",
            ),
            906,
        ),
    ),
    Ok(
        (
            907,
            Or,
            908,
        ),
    ),
    Ok(
        (
            909,
            Str(
                "X",
            ),
            912,
        ),
    ),
    Ok(
        (
            913,
            Or,
            914,
        ),
    ),
    Ok(
        (
            915,
            Str(
                "Y",
            ),
            918,
        ),
    ),
    Ok(
        (
            919,
            Or,
            920,
        ),
    ),
    Ok(
        (
            921,
            Str(
                "Z",
            ),
            924,
        ),
    ),
    Ok(
        (
            925,
            Or,
            926,
        ),
    ),
    Ok(
        (
            927,
            Str(
                "a",
            ),
            930,
        ),
    ),
    Ok(
        (
            931,
            Or,
            932,
        ),
    ),
    Ok(
        (
            933,
            Str(
                "b",
            ),
            936,
        ),
    ),
    Ok(
        (
            937,
            Or,
            938,
        ),
    ),
    Ok(
        (
            939,
            Str(
                "c",
            ),
            942,
        ),
    ),
    Ok(
        (
            943,
            Or,
            944,
        ),
    ),
    Ok(
        (
            945,
            Str(
                "d",
            ),
            948,
        ),
    ),
    Ok(
        (
            949,
            Or,
            950,
        ),
    ),
    Ok(
        (
            951,
            Str(
                "e",
            ),
            954,
        ),
    ),
    Ok(
        (
            955,
            Or,
            956,
        ),
    ),
    Ok(
        (
            957,
            Str(
                "f",
            ),
            960,
        ),
    ),
    Ok(
        (
            961,
            Or,
            962,
        ),
    ),
    Ok(
        (
            963,
            Str(
                "g",
            ),
            966,
        ),
    ),
    Ok(
        (
            967,
            Or,
            968,
        ),
    ),
    Ok(
        (
            969,
            Str(
                "h",
            ),
            972,
        ),
    ),
    Ok(
        (
            973,
            Or,
            974,
        ),
    ),
    Ok(
        (
            975,
            Str(
                "i",
            ),
            978,
        ),
    ),
    Ok(
        (
            979,
            Or,
            980,
        ),
    ),
    Ok(
        (
            981,
            Str(
                "j",
            ),
            984,
        ),
    ),
    Ok(
        (
            985,
            Or,
            986,
        ),
    ),
    Ok(
        (
            987,
            Str(
                "k",
            ),
            990,
        ),
    ),
    Ok(
        (
            991,
            Or,
            992,
        ),
    ),
    Ok(
        (
            993,
            Str(
                "l",
            ),
            996,
        ),
    ),
    Ok(
        (
            997,
            Or,
            998,
        ),
    ),
    Ok(
        (
            999,
            Str(
                "m",
            ),
            1002,
        ),
    ),
    Ok(
        (
            1003,
            Or,
            1004,
        ),
    ),
    Ok(
        (
            1005,
            Str(
                "n",
            ),
            1008,
        ),
    ),
    Ok(
        (
            1009,
            Or,
            1010,
        ),
    ),
    Ok(
        (
            1011,
            Str(
                "o",
            ),
            1014,
        ),
    ),
    Ok(
        (
            1015,
            Or,
            1016,
        ),
    ),
    Ok(
        (
            1017,
            Str(
                "p",
            ),
            1020,
        ),
    ),
    Ok(
        (
            1021,
            Or,
            1022,
        ),
    ),
    Ok(
        (
            1023,
            Str(
                "q",
            ),
            1026,
        ),
    ),
    Ok(
        (
            1027,
            Or,
            1028,
        ),
    ),
    Ok(
        (
            1029,
            Str(
                "r",
            ),
            1032,
        ),
    ),
    Ok(
        (
            1033,
            Or,
            1034,
        ),
    ),
    Ok(
        (
            1035,
            Str(
                "s",
            ),
            1038,
        ),
    ),
    Ok(
        (
            1039,
            Or,
            1040,
        ),
    ),
    Ok(
        (
            1041,
            Str(
                "t",
            ),
            1044,
        ),
    ),
    Ok(
        (
            1045,
            Or,
            1046,
        ),
    ),
    Ok(
        (
            1047,
            Str(
                "u",
            ),
            1050,
        ),
    ),
    Ok(
        (
            1051,
            Or,
            1052,
        ),
    ),
    Ok(
        (
            1053,
            Str(
                "v",
            ),
            1056,
        ),
    ),
    Ok(
        (
            1057,
            Or,
            1058,
        ),
    ),
    Ok(
        (
            1059,
            Str(
                "w",
            ),
            1062,
        ),
    ),
    Ok(
        (
            1063,
            Or,
            1064,
        ),
    ),
    Ok(
        (
            1065,
            Str(
                "x",
            ),
            1068,
        ),
    ),
    Ok(
        (
            1069,
            Or,
            1070,
        ),
    ),
    Ok(
        (
            1071,
            Str(
                "y",
            ),
            1074,
        ),
    ),
    Ok(
        (
            1075,
            Or,
            1076,
        ),
    ),
    Ok(
        (
            1077,
            Str(
                "z",
            ),
            1080,
        ),
    ),
    Ok(
        (
            1081,
            Semi,
            1082,
        ),
    ),
    Ok(
        (
            1084,
            NonTerminal(
                "digit",
            ),
            1091,
        ),
    ),
    Ok(
        (
            1101,
            Def,
            1104,
        ),
    ),
    Ok(
        (
            1105,
            Str(
                "0",
            ),
            1108,
        ),
    ),
    Ok(
        (
            1109,
            Or,
            1110,
        ),
    ),
    Ok(
        (
            1111,
            Str(
                "1",
            ),
            1114,
        ),
    ),
    Ok(
        (
            1115,
            Or,
            1116,
        ),
    ),
    Ok(
        (
            1117,
            Str(
                "2",
            ),
            1120,
        ),
    ),
    Ok(
        (
            1121,
            Or,
            1122,
        ),
    ),
    Ok(
        (
            1123,
            Str(
                "3",
            ),
            1126,
        ),
    ),
    Ok(
        (
            1127,
            Or,
            1128,
        ),
    ),
    Ok(
        (
            1129,
            Str(
                "4",
            ),
            1132,
        ),
    ),
    Ok(
        (
            1133,
            Or,
            1134,
        ),
    ),
    Ok(
        (
            1135,
            Str(
                "5",
            ),
            1138,
        ),
    ),
    Ok(
        (
            1139,
            Or,
            1140,
        ),
    ),
    Ok(
        (
            1141,
            Str(
                "6",
            ),
            1144,
        ),
    ),
    Ok(
        (
            1145,
            Or,
            1146,
        ),
    ),
    Ok(
        (
            1147,
            Str(
                "7",
            ),
            1150,
        ),
    ),
    Ok(
        (
            1151,
            Or,
            1152,
        ),
    ),
    Ok(
        (
            1153,
            Str(
                "8",
            ),
            1156,
        ),
    ),
    Ok(
        (
            1157,
            Or,
            1158,
        ),
    ),
    Ok(
        (
            1159,
            Str(
                "9",
            ),
            1162,
        ),
    ),
    Ok(
        (
            1163,
            Semi,
            1164,
        ),
    ),
    Ok(
        (
            1166,
            NonTerminal(
                "symbol",
            ),
            1174,
        ),
    ),
    Ok(
        (
            1183,
            Def,
            1186,
        ),
    ),
    Ok(
        (
            1187,
            Str(
                "|",
            ),
            1190,
        ),
    ),
    Ok(
        (
            1191,
            Or,
            1192,
        ),
    ),
    Ok(
        (
            1193,
            Str(
                " ",
            ),
            1196,
        ),
    ),
    Ok(
        (
            1197,
            Or,
            1198,
        ),
    ),
    Ok(
        (
            1199,
            Str(
                "!",
            ),
            1202,
        ),
    ),
    Ok(
        (
            1203,
            Or,
            1204,
        ),
    ),
    Ok(
        (
            1205,
            Str(
                "#",
            ),
            1208,
        ),
    ),
    Ok(
        (
            1209,
            Or,
            1210,
        ),
    ),
    Ok(
        (
            1211,
            Str(
                "$",
            ),
            1214,
        ),
    ),
    Ok(
        (
            1215,
            Or,
            1216,
        ),
    ),
    Ok(
        (
            1217,
            Str(
                "%",
            ),
            1220,
        ),
    ),
    Ok(
        (
            1221,
            Or,
            1222,
        ),
    ),
    Ok(
        (
            1223,
            Str(
                "&",
            ),
            1226,
        ),
    ),
    Ok(
        (
            1227,
            Or,
            1228,
        ),
    ),
    Ok(
        (
            1229,
            Str(
                "(",
            ),
            1232,
        ),
    ),
    Ok(
        (
            1233,
            Or,
            1234,
        ),
    ),
    Ok(
        (
            1235,
            Str(
                ")",
            ),
            1238,
        ),
    ),
    Ok(
        (
            1239,
            Or,
            1240,
        ),
    ),
    Ok(
        (
            1241,
            Str(
                "*",
            ),
            1244,
        ),
    ),
    Ok(
        (
            1245,
            Or,
            1246,
        ),
    ),
    Ok(
        (
            1247,
            Str(
                "+",
            ),
            1250,
        ),
    ),
    Ok(
        (
            1251,
            Or,
            1252,
        ),
    ),
    Ok(
        (
            1253,
            Str(
                ",",
            ),
            1256,
        ),
    ),
    Ok(
        (
            1257,
            Or,
            1258,
        ),
    ),
    Ok(
        (
            1259,
            Str(
                "-",
            ),
            1262,
        ),
    ),
    Ok(
        (
            1263,
            Or,
            1264,
        ),
    ),
    Ok(
        (
            1265,
            Str(
                ".",
            ),
            1268,
        ),
    ),
    Ok(
        (
            1269,
            Or,
            1270,
        ),
    ),
    Ok(
        (
            1271,
            Str(
                "/",
            ),
            1274,
        ),
    ),
    Ok(
        (
            1275,
            Or,
            1276,
        ),
    ),
    Ok(
        (
            1277,
            Str(
                ":",
            ),
            1280,
        ),
    ),
    Ok(
        (
            1281,
            Or,
            1282,
        ),
    ),
    Ok(
        (
            1283,
            Str(
                ";",
            ),
            1286,
        ),
    ),
    Ok(
        (
            1287,
            Or,
            1288,
        ),
    ),
    Ok(
        (
            1289,
            Str(
                ">",
            ),
            1292,
        ),
    ),
    Ok(
        (
            1293,
            Or,
            1294,
        ),
    ),
    Ok(
        (
            1295,
            Str(
                "=",
            ),
            1298,
        ),
    ),
    Ok(
        (
            1299,
            Or,
            1300,
        ),
    ),
    Ok(
        (
            1301,
            Str(
                "<",
            ),
            1304,
        ),
    ),
    Ok(
        (
            1305,
            Or,
            1306,
        ),
    ),
    Ok(
        (
            1307,
            Str(
                "?",
            ),
            1310,
        ),
    ),
    Ok(
        (
            1311,
            Or,
            1312,
        ),
    ),
    Ok(
        (
            1313,
            Str(
                "@",
            ),
            1316,
        ),
    ),
    Ok(
        (
            1317,
            Or,
            1318,
        ),
    ),
    Ok(
        (
            1319,
            Str(
                "[",
            ),
            1322,
        ),
    ),
    Ok(
        (
            1323,
            Or,
            1324,
        ),
    ),
    Ok(
        (
            1325,
            Str(
                "\\\\",
            ),
            1329,
        ),
    ),
    Ok(
        (
            1330,
            Or,
            1331,
        ),
    ),
    Ok(
        (
            1332,
            Str(
                "]",
            ),
            1335,
        ),
    ),
    Ok(
        (
            1336,
            Or,
            1337,
        ),
    ),
    Ok(
        (
            1338,
            Str(
                "^",
            ),
            1341,
        ),
    ),
    Ok(
        (
            1342,
            Or,
            1343,
        ),
    ),
    Ok(
        (
            1344,
            Str(
                "_",
            ),
            1347,
        ),
    ),
    Ok(
        (
            1348,
            Or,
            1349,
        ),
    ),
    Ok(
        (
            1350,
            Str(
                "`",
            ),
            1353,
        ),
    ),
    Ok(
        (
            1354,
            Or,
            1355,
        ),
    ),
    Ok(
        (
            1356,
            Str(
                "{",
            ),
            1359,
        ),
    ),
    Ok(
        (
            1360,
            Or,
            1361,
        ),
    ),
    Ok(
        (
            1362,
            Str(
                "}",
            ),
            1365,
        ),
    ),
    Ok(
        (
            1366,
            Or,
            1367,
        ),
    ),
    Ok(
        (
            1368,
            Str(
                "~",
            ),
            1371,
        ),
    ),
    Ok(
        (
            1372,
            Semi,
            1373,
        ),
    ),
    Ok(
        (
            1375,
            NonTerminal(
                "character1",
            ),
            1387,
        ),
    ),
    Ok(
        (
            1392,
            Def,
            1395,
        ),
    ),
    Ok(
        (
            1396,
            Int(
                10,
            ),
            1398,
        ),
    ),
    Ok(
        (
            1399,
            NonTerminal(
                "character",
            ),
            1410,
        ),
    ),
    Ok(
        (
            1411,
            Or,
            1412,
        ),
    ),
    Ok(
        (
            1413,
            Str(
                "'",
            ),
            1416,
        ),
    ),
    Ok(
        (
            1417,
            Semi,
            1418,
        ),
    ),
    Ok(
        (
            1420,
            NonTerminal(
                "character2",
            ),
            1432,
        ),
    ),
    Ok(
        (
            1437,
            Def,
            1440,
        ),
    ),
    Ok(
        (
            1441,
            Int(
                10,
            ),
            1443,
        ),
    ),
    Ok(
        (
            1444,
            NonTerminal(
                "character",
            ),
            1455,
        ),
    ),
    Ok(
        (
            1456,
            Or,
            1457,
        ),
    ),
    Ok(
        (
            1458,
            Str(
                "\"",
            ),
            1462,
        ),
    ),
    Ok(
        (
            1463,
            Semi,
            1464,
        ),
    ),
    Ok(
        (
            1466,
            NonTerminal(
                "rule-name",
            ),
            1477,
        ),
    ),
    Ok(
        (
            1483,
            Def,
            1486,
        ),
    ),
    Ok(
        (
            1487,
            NonTerminal(
                "letter",
            ),
            1495,
        ),
    ),
    Ok(
        (
            1496,
            Or,
            1497,
        ),
    ),
    Ok(
        (
            1498,
            NonTerminal(
                "rule-name",
            ),
            1509,
        ),
    ),
    Ok(
        (
            1510,
            NonTerminal(
                "rule-char",
            ),
            1521,
        ),
    ),
    Ok(
        (
            1522,
            Semi,
            1523,
        ),
    ),
    Ok(
        (
            1525,
            NonTerminal(
                "rule-char",
            ),
            1536,
        ),
    ),
    Ok(
        (
            1542,
            Def,
            1545,
        ),
    ),
    Ok(
        (
            1546,
            NonTerminal(
                "letter",
            ),
            1554,
        ),
    ),
    Ok(
        (
            1555,
            Or,
            1556,
        ),
    ),
    Ok(
        (
            1557,
            NonTerminal(
                "digit",
            ),
            1564,
        ),
    ),
    Ok(
        (
            1565,
            Or,
            1566,
        ),
    ),
    Ok(
        (
            1567,
            Str(
                "-",
            ),
            1570,
        ),
    ),
    Ok(
        (
            1571,
            Semi,
            1572,
        ),
    ),
    Ok(
        (
            1574,
            NonTerminal(
                "EOL",
            ),
            1579,
        ),
    ),
    Ok(
        (
            1591,
            Def,
            1594,
        ),
    ),
    Ok(
        (
            1595,
            Str(
                "\n",
            ),
            1599,
        ),
    ),
    Ok(
        (
            1600,
            Semi,
            1601,
        ),
    ),
]
