---
source: src/grammar.rs
expression: grammar
---
RawGrammar {
    rules: [
        Rule {
            name: "start",
            production: WeightedProduction {
                production: [
                    Alternative {
                        weight: 1,
                        symbols: [
                            Symbol {
                                kind: NonTerminal(
                                    "statements",
                                ),
                                span: Span {
                                    start: 12,
                                    end: 24,
                                },
                            },
                        ],
                    },
                ],
            },
            span: Span {
                start: 0,
                end: 25,
            },
        },
        Rule {
            name: "statements",
            production: WeightedProduction {
                production: [
                    Alternative {
                        weight: 100,
                        symbols: [
                            Symbol {
                                kind: NonTerminal(
                                    "statements",
                                ),
                                span: Span {
                                    start: 48,
                                    end: 60,
                                },
                            },
                            Symbol {
                                kind: NonTerminal(
                                    "statement",
                                ),
                                span: Span {
                                    start: 61,
                                    end: 72,
                                },
                            },
                        ],
                    },
                    Alternative {
                        weight: 1,
                        symbols: [
                            Symbol {
                                kind: NonTerminal(
                                    "statement",
                                ),
                                span: Span {
                                    start: 75,
                                    end: 86,
                                },
                            },
                        ],
                    },
                ],
            },
            span: Span {
                start: 27,
                end: 87,
            },
        },
        Rule {
            name: "statement",
            production: WeightedProduction {
                production: [
                    Alternative {
                        weight: 1,
                        symbols: [
                            Symbol {
                                kind: NonTerminal(
                                    "loop",
                                ),
                                span: Span {
                                    start: 105,
                                    end: 111,
                                },
                            },
                        ],
                    },
                    Alternative {
                        weight: 1,
                        symbols: [
                            Symbol {
                                kind: NonTerminal(
                                    "commands",
                                ),
                                span: Span {
                                    start: 114,
                                    end: 124,
                                },
                            },
                        ],
                    },
                ],
            },
            span: Span {
                start: 89,
                end: 125,
            },
        },
        Rule {
            name: "loop",
            production: WeightedProduction {
                production: [
                    Alternative {
                        weight: 1,
                        symbols: [
                            Symbol {
                                kind: Terminal(
                                    "[",
                                ),
                                span: Span {
                                    start: 138,
                                    end: 141,
                                },
                            },
                            Symbol {
                                kind: NonTerminal(
                                    "commands",
                                ),
                                span: Span {
                                    start: 142,
                                    end: 152,
                                },
                            },
                            Symbol {
                                kind: Terminal(
                                    "]",
                                ),
                                span: Span {
                                    start: 153,
                                    end: 156,
                                },
                            },
                        ],
                    },
                ],
            },
            span: Span {
                start: 127,
                end: 157,
            },
        },
        Rule {
            name: "commands",
            production: WeightedProduction {
                production: [
                    Alternative {
                        weight: 10,
                        symbols: [
                            Symbol {
                                kind: NonTerminal(
                                    "commands",
                                ),
                                span: Span {
                                    start: 177,
                                    end: 187,
                                },
                            },
                            Symbol {
                                kind: NonTerminal(
                                    "command",
                                ),
                                span: Span {
                                    start: 188,
                                    end: 197,
                                },
                            },
                        ],
                    },
                    Alternative {
                        weight: 1,
                        symbols: [
                            Symbol {
                                kind: NonTerminal(
                                    "command",
                                ),
                                span: Span {
                                    start: 200,
                                    end: 209,
                                },
                            },
                        ],
                    },
                ],
            },
            span: Span {
                start: 159,
                end: 210,
            },
        },
        Rule {
            name: "command",
            production: WeightedProduction {
                production: [
                    Alternative {
                        weight: 5,
                        symbols: [
                            Symbol {
                                kind: NonTerminal(
                                    "ptrgroup",
                                ),
                                span: Span {
                                    start: 228,
                                    end: 238,
                                },
                            },
                            Symbol {
                                kind: NonTerminal(
                                    "arithmgroup",
                                ),
                                span: Span {
                                    start: 239,
                                    end: 252,
                                },
                            },
                        ],
                    },
                    Alternative {
                        weight: 1,
                        symbols: [
                            Symbol {
                                kind: NonTerminal(
                                    "io",
                                ),
                                span: Span {
                                    start: 255,
                                    end: 259,
                                },
                            },
                        ],
                    },
                ],
            },
            span: Span {
                start: 212,
                end: 260,
            },
        },
        Rule {
            name: "ptrinc",
            production: WeightedProduction {
                production: [
                    Alternative {
                        weight: 5,
                        symbols: [
                            Symbol {
                                kind: NonTerminal(
                                    "ptrinc",
                                ),
                                span: Span {
                                    start: 277,
                                    end: 285,
                                },
                            },
                            Symbol {
                                kind: Terminal(
                                    ">",
                                ),
                                span: Span {
                                    start: 286,
                                    end: 289,
                                },
                            },
                        ],
                    },
                    Alternative {
                        weight: 1,
                        symbols: [
                            Symbol {
                                kind: Terminal(
                                    ">",
                                ),
                                span: Span {
                                    start: 292,
                                    end: 295,
                                },
                            },
                        ],
                    },
                ],
            },
            span: Span {
                start: 262,
                end: 296,
            },
        },
        Rule {
            name: "ptrdec",
            production: WeightedProduction {
                production: [
                    Alternative {
                        weight: 5,
                        symbols: [
                            Symbol {
                                kind: NonTerminal(
                                    "ptrdec",
                                ),
                                span: Span {
                                    start: 313,
                                    end: 321,
                                },
                            },
                            Symbol {
                                kind: Terminal(
                                    "<",
                                ),
                                span: Span {
                                    start: 322,
                                    end: 325,
                                },
                            },
                        ],
                    },
                    Alternative {
                        weight: 1,
                        symbols: [
                            Symbol {
                                kind: Terminal(
                                    "<",
                                ),
                                span: Span {
                                    start: 328,
                                    end: 331,
                                },
                            },
                        ],
                    },
                ],
            },
            span: Span {
                start: 298,
                end: 332,
            },
        },
        Rule {
            name: "valinc",
            production: WeightedProduction {
                production: [
                    Alternative {
                        weight: 5,
                        symbols: [
                            Symbol {
                                kind: NonTerminal(
                                    "valinc",
                                ),
                                span: Span {
                                    start: 349,
                                    end: 357,
                                },
                            },
                            Symbol {
                                kind: Terminal(
                                    "+",
                                ),
                                span: Span {
                                    start: 358,
                                    end: 361,
                                },
                            },
                        ],
                    },
                    Alternative {
                        weight: 1,
                        symbols: [
                            Symbol {
                                kind: Terminal(
                                    "+",
                                ),
                                span: Span {
                                    start: 364,
                                    end: 367,
                                },
                            },
                        ],
                    },
                ],
            },
            span: Span {
                start: 334,
                end: 368,
            },
        },
        Rule {
            name: "valdec",
            production: WeightedProduction {
                production: [
                    Alternative {
                        weight: 5,
                        symbols: [
                            Symbol {
                                kind: NonTerminal(
                                    "valdec",
                                ),
                                span: Span {
                                    start: 385,
                                    end: 393,
                                },
                            },
                            Symbol {
                                kind: Terminal(
                                    "+",
                                ),
                                span: Span {
                                    start: 394,
                                    end: 397,
                                },
                            },
                        ],
                    },
                    Alternative {
                        weight: 1,
                        symbols: [
                            Symbol {
                                kind: Terminal(
                                    "-",
                                ),
                                span: Span {
                                    start: 400,
                                    end: 403,
                                },
                            },
                        ],
                    },
                ],
            },
            span: Span {
                start: 370,
                end: 404,
            },
        },
        Rule {
            name: "ptrgroup",
            production: WeightedProduction {
                production: [
                    Alternative {
                        weight: 5,
                        symbols: [
                            Symbol {
                                kind: NonTerminal(
                                    "ptrinc",
                                ),
                                span: Span {
                                    start: 423,
                                    end: 431,
                                },
                            },
                        ],
                    },
                    Alternative {
                        weight: 1,
                        symbols: [
                            Symbol {
                                kind: NonTerminal(
                                    "ptrdec",
                                ),
                                span: Span {
                                    start: 434,
                                    end: 442,
                                },
                            },
                        ],
                    },
                ],
            },
            span: Span {
                start: 406,
                end: 443,
            },
        },
        Rule {
            name: "arithmgroup",
            production: WeightedProduction {
                production: [
                    Alternative {
                        weight: 5,
                        symbols: [
                            Symbol {
                                kind: NonTerminal(
                                    "valinc",
                                ),
                                span: Span {
                                    start: 465,
                                    end: 473,
                                },
                            },
                        ],
                    },
                    Alternative {
                        weight: 1,
                        symbols: [
                            Symbol {
                                kind: NonTerminal(
                                    "valdec",
                                ),
                                span: Span {
                                    start: 476,
                                    end: 484,
                                },
                            },
                        ],
                    },
                ],
            },
            span: Span {
                start: 445,
                end: 485,
            },
        },
        Rule {
            name: "io",
            production: WeightedProduction {
                production: [
                    Alternative {
                        weight: 1,
                        symbols: [
                            Symbol {
                                kind: Terminal(
                                    ".",
                                ),
                                span: Span {
                                    start: 496,
                                    end: 499,
                                },
                            },
                        ],
                    },
                    Alternative {
                        weight: 1,
                        symbols: [
                            Symbol {
                                kind: Terminal(
                                    ",",
                                ),
                                span: Span {
                                    start: 502,
                                    end: 505,
                                },
                            },
                        ],
                    },
                ],
            },
            span: Span {
                start: 487,
                end: 506,
            },
        },
    ],
}
