---
source: crates/bnfgen-syntax/tests/lexical_snapshots.rs
---
<input>
<broken> ::= "bad" ) ;
<good> ::= "ok";
</input>
document
├── tokens
│   ├── 0..1 LAngle <
│   ├── 1..7 Id broken
│   ├── 7..8 RAngle >
│   ├── 8..9 Whitespace  
│   ├── 9..12 Def ::=
│   ├── 12..13 Whitespace  
│   ├── 13..18 Str "bad"
│   ├── 18..19 Whitespace  
│   ├── 19..20 RParen )
│   ├── 20..21 Whitespace  
│   ├── 21..22 Semi ;
│   ├── 22..23 Whitespace
│   ├── 23..24 LAngle <
│   ├── 24..28 Id good
│   ├── 28..29 RAngle >
│   ├── 29..30 Whitespace  
│   ├── 30..33 Def ::=
│   ├── 33..34 Whitespace  
│   ├── 34..38 Str "ok"
│   ├── 38..39 Semi ;
│   └── 39..40 Whitespace
├── diagnostics
│   ├── 19..19 Missing(RuleTerminator)
│   ├── 19..20 UnexpectedToken
│   └── 21..22 UnexpectedToken
├── recovery
│   ├── 19..20 UnexpectedToken )
│   └── 21..22 UnexpectedToken ;
└── rules
    ├── 0..18 broken partial
    │   ├── 0..8 lhs complete <broken>
    │   │   ├── name 1..7 broken
    │   │   └── closing 7..8
    │   ├── definition 9..12
    │   ├── 13..18 alt complete
    │   │   └── 13..18 Terminal complete "bad"
    │   └── terminator missing
    └── 23..39 good complete
        ├── 23..29 lhs complete <good>
        │   ├── name 24..28 good
        │   └── closing 28..29
        ├── definition 30..33
        ├── 34..38 alt complete
        │   └── 34..38 Terminal complete "ok"
        └── terminator 38..39
