---
source: crates/bnfgen-syntax/tests/lexical_snapshots.rs
---
<input>
<a> ::= "x"; @#~ <b> ::= "y";
</input>
document
├── tokens
│   ├── 0..1 LAngle <
│   ├── 1..2 Id a
│   ├── 2..3 RAngle >
│   ├── 3..4 Whitespace  
│   ├── 4..7 Def ::=
│   ├── 7..8 Whitespace  
│   ├── 8..11 Str "x"
│   ├── 11..12 Semi ;
│   ├── 12..13 Whitespace  
│   ├── 13..14 Invalid @
│   ├── 14..15 Invalid #
│   ├── 15..16 Invalid ~
│   ├── 16..17 Whitespace  
│   ├── 17..18 LAngle <
│   ├── 18..19 Id b
│   ├── 19..20 RAngle >
│   ├── 20..21 Whitespace  
│   ├── 21..24 Def ::=
│   ├── 24..25 Whitespace  
│   ├── 25..28 Str "y"
│   ├── 28..29 Semi ;
│   └── 29..30 Whitespace
├── diagnostics
│   ├── 13..14 UnrecognizedInput
│   ├── 14..15 UnrecognizedInput
│   └── 15..16 UnrecognizedInput
├── recovery
│   ├── 13..14 InvalidLexeme @
│   ├── 14..15 InvalidLexeme #
│   └── 15..16 InvalidLexeme ~
└── rules
    ├── 0..12 a complete
    │   ├── 0..3 lhs complete <a>
    │   │   ├── name 1..2 a
    │   │   └── closing 2..3
    │   ├── definition 4..7
    │   ├── 8..11 alt complete
    │   │   └── 8..11 Terminal complete "x"
    │   └── terminator 11..12
    └── 17..29 b complete
        ├── 17..20 lhs complete <b>
        │   ├── name 18..19 b
        │   └── closing 19..20
        ├── definition 21..24
        ├── 25..28 alt complete
        │   └── 25..28 Terminal complete "y"
        └── terminator 28..29
