---
source: crates/bnfgen-syntax/tests/lexical_snapshots.rs
---
<input>
<entry> ::= <target: "value"
</input>
document
├── tokens
│   ├── 0..1 LAngle <
│   ├── 1..6 Id entry
│   ├── 6..7 RAngle >
│   ├── 7..8 Whitespace  
│   ├── 8..11 Def ::=
│   ├── 11..12 Whitespace  
│   ├── 12..13 LAngle <
│   ├── 13..19 Id target
│   ├── 19..20 Colon :
│   ├── 20..21 Whitespace  
│   ├── 21..28 Str "value"
│   └── 28..29 Whitespace
├── diagnostics
│   ├── 12..12 Missing(Alternative)
│   ├── 12..12 Missing(RuleTerminator)
│   ├── 28..28 Missing(NonTerminalClosingDelimiter)
│   ├── 28..28 Missing(Definition)
│   └── 28..28 Missing(RuleTerminator)
├── recovery
└── rules
    ├── 0..11 entry partial
    │   ├── 0..7 lhs complete <entry>
    │   │   ├── name 1..6 entry
    │   │   └── closing 6..7
    │   ├── definition 8..11
    │   └── terminator missing
    └── 12..28 target partial
        ├── 12..28 lhs partial <target: "value"
        │   ├── name 13..19 target
        │   ├── type-separator 19..20
        │   ├── 21..28 type complete "value"
        │   └── closing missing
        ├── definition missing
        └── terminator missing
