---
source: crates/bnfgen-syntax/tests/lexical_snapshots.rs
snapshot_kind: text
---
<input>
<broken> ::= 
<good> ::= "ok";
</input>
document
├── tokens
│   ├── 000..001 LAngle <
│   ├── 001..007 Id broken
│   ├── 007..008 RAngle >
│   ├── 008..009 Whitespace  
│   ├── 009..012 Def ::=
│   ├── 012..014 Whitespace
│   ├── 014..015 LAngle <
│   ├── 015..019 Id good
│   ├── 019..020 RAngle >
│   ├── 020..021 Whitespace  
│   ├── 021..024 Def ::=
│   ├── 024..025 Whitespace  
│   ├── 025..029 Str "ok"
│   ├── 029..030 Semi ;
│   └── 030..031 Whitespace
├── diagnostics
│   ├── 014..014 Missing(Alternative)
│   └── 014..014 Missing(RuleTerminator)
├── recovery
└── rules
    ├── 000..012 broken [partial]
    │   ├── 000..008 lhs <broken>
    │   │   ├── name 001..007 broken
    │   │   └── closing 007..008
    │   ├── definition 009..012
    │   └── terminator <missing>
    └── 014..030 good [complete]
        ├── 014..020 lhs <good>
        │   ├── name 015..019 good
        │   └── closing 019..020
        ├── definition 021..024
        ├── alt 025..029 [complete]
        │   └── 025..029 Terminal "ok"
        └── terminator 029..030
