---
source: crates/bnfgen-syntax/tests/lexical_snapshots.rs
snapshot_kind: text
---
<input>
<entry: "value"
</input>
document
├── tokens
│   ├── 000..001 LAngle <
│   ├── 001..006 Id entry
│   ├── 006..007 Colon :
│   ├── 007..008 Whitespace  
│   ├── 008..015 Str "value"
│   └── 015..016 Whitespace
├── diagnostics
│   ├── 015..015 Missing(NonTerminalClosingDelimiter)
│   ├── 015..015 Missing(Definition)
│   └── 015..015 Missing(RuleTerminator)
├── recovery
└── rules
    └── 000..015 entry [partial]
        ├── 000..015 lhs <entry: "value"
        │   ├── name 001..006 entry
        │   ├── type-separator 006..007
        │   ├── type 008..015 "value"
        │   └── closing <missing>
        ├── definition <missing>
        └── terminator <missing>
