---
source: crates/bnfgen-syntax/tests/lexical_snapshots.rs
snapshot_kind: text
---
<input>
<greeting> ::= "hello"</input>
document
├── tokens
│   ├── 000..001 LAngle <
│   ├── 001..009 Id greeting
│   ├── 009..010 RAngle >
│   ├── 010..011 Whitespace  
│   ├── 011..014 Def ::=
│   ├── 014..015 Whitespace  
│   └── 015..022 Str "hello"
├── diagnostics
│   └── 022..022 Missing(RuleTerminator)
├── recovery
└── rules
    └── 000..022 greeting [partial]
        ├── 000..010 lhs <greeting>
        │   ├── name 001..009 greeting
        │   └── closing 009..010
        ├── definition 011..014
        ├── alt 015..022 [complete]
        │   └── 015..022 Terminal "hello"
        └── terminator <missing>
