---
source: crates/bnfgen-syntax/tests/lexical_snapshots.rs
expression: render(&doc)
---
000..001 LAngle "<"
001..002 Id "a"
002..003 RAngle ">"
003..004 Whitespace " "
004..007 Def "::="
007..008 Whitespace " "
008..023 Str "\"héllo wörld\""
023..024 Semi ";"
024..025 Whitespace "\n"
errors:
rules: 1
