---
source: crates/bnfgen-syntax/tests/lexical_snapshots.rs
expression: render(&doc)
---
000..001 LAngle "<"
001..002 Id "a"
002..003 RAngle ">"
003..004 Whitespace " "
004..007 Def "::="
007..008 Whitespace " "
008..011 Str "\"x\""
011..012 Whitespace " "
012..014 Invalid "ü"
014..015 Semi ";"
015..016 Whitespace "\n"
errors:
012..014 UnrecognizedInput
rules: 1
