---
source: crates/bnfgen-syntax/tests/lexical_snapshots.rs
snapshot_kind: text
---
<input>
<entry> ::= "value
</input>
document
├── tokens
│   ├── 000..001 LAngle <
│   ├── 001..006 Id entry
│   ├── 006..007 RAngle >
│   ├── 007..008 Whitespace  
│   ├── 008..011 Def ::=
│   ├── 011..012 Whitespace  
│   └── 012..019 UnterminatedStr
├── diagnostics
│   ├── 012..019 UnterminatedString
│   └── 019..019 Missing(RuleTerminator)
├── recovery
│   └── 012..019 UnterminatedString
└── rules
    └── 000..019 entry [partial, recovered]
        ├── 000..007 lhs <entry>
        │   ├── name 001..006 entry
        │   └── closing 006..007
        ├── definition 008..011
        ├── alt 012..019 [partial, recovered]
        │   └── 012..019 Terminal <unterminated>
        └── terminator <missing>
