---
source: crates/bnfgen-syntax/tests/lexical_snapshots.rs
snapshot_kind: text
---
<input>
<broken> ::= "bad" @;
<good> ::= "ok";
</input>
document
├── tokens
│   ├── 000..001 LAngle <
│   ├── 001..007 Id broken
│   ├── 007..008 RAngle >
│   ├── 008..009 Whitespace  
│   ├── 009..012 Def ::=
│   ├── 012..013 Whitespace  
│   ├── 013..018 Str "bad"
│   ├── 018..019 Whitespace  
│   ├── 019..020 Invalid @
│   ├── 020..021 Semi ;
│   ├── 021..022 Whitespace
│   ├── 022..023 LAngle <
│   ├── 023..027 Id good
│   ├── 027..028 RAngle >
│   ├── 028..029 Whitespace  
│   ├── 029..032 Def ::=
│   ├── 032..033 Whitespace  
│   ├── 033..037 Str "ok"
│   ├── 037..038 Semi ;
│   └── 038..039 Whitespace
├── diagnostics
│   └── 019..020 UnrecognizedInput
├── recovery
│   └── 019..020 InvalidLexeme @
└── rules
    ├── 000..021 broken [complete, recovered]
    │   ├── 000..008 lhs <broken>
    │   │   ├── name 001..007 broken
    │   │   └── closing 007..008
    │   ├── definition 009..012
    │   ├── alt 013..018 [complete]
    │   │   └── 013..018 Terminal "bad"
    │   └── terminator 020..021
    └── 022..038 good [complete]
        ├── 022..028 lhs <good>
        │   ├── name 023..027 good
        │   └── closing 027..028
        ├── definition 029..032
        ├── alt 033..037 [complete]
        │   └── 033..037 Terminal "ok"
        └── terminator 037..038
