---
source: crates/bnfgen-syntax/tests/lexical_snapshots.rs
---
<input>
<a> ::= "x" 18446744073709551616;
</input>
document
├── tokens
│   ├── 000..001 LAngle <
│   ├── 001..002 Id a
│   ├── 002..003 RAngle >
│   ├── 003..004 Whitespace  
│   ├── 004..007 Def ::=
│   ├── 007..008 Whitespace  
│   ├── 008..011 Str "x"
│   ├── 011..012 Whitespace  
│   ├── 012..032 Int 18446744073709551616
│   ├── 032..033 Semi ;
│   └── 033..034 Whitespace
├── errors
│   └── 012..032 UnexpectedToken
└── rules
