---
source: crates/bnfgen-syntax/tests/lexical_snapshots.rs
snapshot_kind: text
---
<input>
re "[a-z]+";
</input>
document
├── tokens
│   ├── 000..002 Re re
│   ├── 002..003 Whitespace  
│   ├── 003..011 Str "[a-z]+"
│   ├── 011..012 Semi ;
│   └── 012..013 Whitespace
├── diagnostics
│   ├── 000..002 UnexpectedToken
│   ├── 003..011 UnexpectedToken
│   └── 011..012 UnexpectedToken
├── recovery
│   ├── 000..002 UnexpectedToken re
│   ├── 003..011 UnexpectedToken "[a-z]+"
│   └── 011..012 UnexpectedToken ;
└── rules
