---
source: crates/bnfgen-syntax/tests/lexical_snapshots.rs
---
<input>
<entry> ::= "value" {2,3
</input>
document
├── tokens
│   ├── 0..1 LAngle <
│   ├── 1..6 Id entry
│   ├── 6..7 RAngle >
│   ├── 7..8 Whitespace  
│   ├── 8..11 Def ::=
│   ├── 11..12 Whitespace  
│   ├── 12..19 Str "value"
│   ├── 19..20 Whitespace  
│   ├── 20..21 LBrace {
│   ├── 21..22 Int 2
│   ├── 22..23 Comma ,
│   ├── 23..24 Int 3
│   └── 24..25 Whitespace
├── diagnostics
│   ├── 24..24 Missing(RepeatClosingDelimiter)
│   └── 24..24 Missing(RuleTerminator)
├── recovery
└── rules
    └── 0..24 entry partial
        ├── 0..7 lhs complete <entry>
        │   ├── name 1..6 entry
        │   └── closing 6..7
        ├── definition 8..11
        ├── 12..24 alt partial
        │   ├── 12..19 Terminal complete "value"
        │   └── 20..24 repeat partial {2,3
        │       ├── 21..22 lower 2
        │       ├── comma 22..23
        │       ├── 23..24 upper 3
        │       └── closing missing
        └── terminator missing
