---
source: crates/bnfgen-syntax/tests/lexical_snapshots.rs
---
<input>
<entry> ::= re("value"
</input>
document
├── tokens
│   ├── 0..1 LAngle <
│   ├── 1..6 Id entry
│   ├── 6..7 RAngle >
│   ├── 7..8 Whitespace  
│   ├── 8..11 Def ::=
│   ├── 11..12 Whitespace  
│   ├── 12..14 Re re
│   ├── 14..15 LParen (
│   ├── 15..22 Str "value"
│   └── 22..23 Whitespace
├── diagnostics
│   ├── 22..22 Missing(RegexClosingParenthesis)
│   └── 22..22 Missing(RuleTerminator)
├── recovery
└── rules
    └── 0..22 entry partial
        ├── 0..7 lhs complete <entry>
        │   ├── name 1..6 entry
        │   └── closing 6..7
        ├── definition 8..11
        ├── 12..22 alt partial
        │   └── 12..22 Regex partial re("value"
        │       ├── opening 14..15
        │       ├── 15..22 pattern complete "value"
        │       └── closing missing
        └── terminator missing
