---
source: crates/bnfgen-syntax/tests/lexical_snapshots.rs
---
<input>
<greeting> ::= "hello" <name> | "bye";
</input>
document
├── tokens
│   ├── 0..1 LAngle <
│   ├── 1..9 Id greeting
│   ├── 9..10 RAngle >
│   ├── 10..11 Whitespace  
│   ├── 11..14 Def ::=
│   ├── 14..15 Whitespace  
│   ├── 15..22 Str "hello"
│   ├── 22..23 Whitespace  
│   ├── 23..24 LAngle <
│   ├── 24..28 Id name
│   ├── 28..29 RAngle >
│   ├── 29..30 Whitespace  
│   ├── 30..31 Or |
│   ├── 31..32 Whitespace  
│   ├── 32..37 Str "bye"
│   ├── 37..38 Semi ;
│   └── 38..39 Whitespace
├── diagnostics
│   ├── 23..23 Missing(RuleTerminator)
│   ├── 30..30 Missing(Definition)
│   ├── 30..30 Missing(RuleTerminator)
│   ├── 30..31 UnexpectedToken
│   ├── 32..37 UnexpectedToken
│   └── 37..38 UnexpectedToken
├── recovery
│   ├── 30..31 UnexpectedToken |
│   ├── 32..37 UnexpectedToken "bye"
│   └── 37..38 UnexpectedToken ;
└── rules
    ├── 0..22 greeting partial
    │   ├── 0..10 lhs complete <greeting>
    │   │   ├── name 1..9 greeting
    │   │   └── closing 9..10
    │   ├── definition 11..14
    │   ├── 15..22 alt complete
    │   │   └── 15..22 Terminal complete "hello"
    │   └── terminator missing
    └── 23..29 name partial
        ├── 23..29 lhs complete <name>
        │   ├── name 24..28 name
        │   └── closing 28..29
        ├── definition missing
        └── terminator missing
