---
source: crates/bnfgen-syntax/tests/lexical_snapshots.rs
snapshot_kind: text
---
<input>
<a> ::= "unterminated</input>
document
├── tokens
│   ├── 000..001 LAngle <
│   ├── 001..002 Id a
│   ├── 002..003 RAngle >
│   ├── 003..004 Whitespace  
│   ├── 004..007 Def ::=
│   ├── 007..008 Whitespace  
│   └── 008..021 UnterminatedStr "unterminated
├── diagnostics
│   ├── 008..021 UnterminatedString
│   └── 021..021 Missing(RuleTerminator)
├── recovery
│   └── 008..021 UnterminatedString "unterminated
└── rules
    └── 000..021 a [partial, recovered]
        ├── 000..003 lhs <a>
        │   ├── name 001..002 a
        │   └── closing 002..003
        ├── definition 004..007
        ├── alt 008..021 [partial, recovered]
        │   └── 008..021 Terminal "unterminated <unterminated>
        └── terminator <missing>
