---
source: crates/bnfgen-syntax/tests/lexical_snapshots.rs
---
<input>
<first> ::= "ok";
<second> ::= <target
</input>
document
├── tokens
│   ├── 0..1 LAngle <
│   ├── 1..6 Id first
│   ├── 6..7 RAngle >
│   ├── 7..8 Whitespace  
│   ├── 8..11 Def ::=
│   ├── 11..12 Whitespace  
│   ├── 12..16 Str "ok"
│   ├── 16..17 Semi ;
│   ├── 17..18 Whitespace
│   ├── 18..19 LAngle <
│   ├── 19..25 Id second
│   ├── 25..26 RAngle >
│   ├── 26..27 Whitespace  
│   ├── 27..30 Def ::=
│   ├── 30..31 Whitespace  
│   ├── 31..32 LAngle <
│   ├── 32..38 Id target
│   └── 38..39 Whitespace
├── diagnostics
│   ├── 31..31 Missing(Alternative)
│   ├── 31..31 Missing(RuleTerminator)
│   ├── 38..38 Missing(NonTerminalClosingDelimiter)
│   ├── 38..38 Missing(Definition)
│   └── 38..38 Missing(RuleTerminator)
├── recovery
└── rules
    ├── 0..17 first complete
    │   ├── 0..7 lhs complete <first>
    │   │   ├── name 1..6 first
    │   │   └── closing 6..7
    │   ├── definition 8..11
    │   ├── 12..16 alt complete
    │   │   └── 12..16 Terminal complete "ok"
    │   └── terminator 16..17
    ├── 18..30 second partial
    │   ├── 18..26 lhs complete <second>
    │   │   ├── name 19..25 second
    │   │   └── closing 25..26
    │   ├── definition 27..30
    │   └── terminator missing
    └── 31..38 target partial
        ├── 31..38 lhs partial <target
        │   ├── name 32..38 target
        │   └── closing missing
        ├── definition missing
        └── terminator missing
