---
source: crates/bnfgen-syntax/tests/lexical_snapshots.rs
---
<input>
<Expr: "set"> ::= 10 <Atom: "set"> "U" re("[a-z]+") {1, 5}
                  | 2 "empty" {3,}
                  | <Atom> {4};
</input>
document
├── tokens
│   ├── 0..1 LAngle <
│   ├── 1..5 Id Expr
│   ├── 5..6 Colon :
│   ├── 6..7 Whitespace  
│   ├── 7..12 Str "set"
│   ├── 12..13 RAngle >
│   ├── 13..14 Whitespace  
│   ├── 14..17 Def ::=
│   ├── 17..18 Whitespace  
│   ├── 18..20 Int 10
│   ├── 20..21 Whitespace  
│   ├── 21..22 LAngle <
│   ├── 22..26 Id Atom
│   ├── 26..27 Colon :
│   ├── 27..28 Whitespace  
│   ├── 28..33 Str "set"
│   ├── 33..34 RAngle >
│   ├── 34..35 Whitespace  
│   ├── 35..38 Str "U"
│   ├── 38..39 Whitespace  
│   ├── 39..41 Re re
│   ├── 41..42 LParen (
│   ├── 42..50 Str "[a-z]+"
│   ├── 50..51 RParen )
│   ├── 51..52 Whitespace  
│   ├── 52..53 LBrace {
│   ├── 53..54 Int 1
│   ├── 54..55 Comma ,
│   ├── 55..56 Whitespace  
│   ├── 56..57 Int 5
│   ├── 57..58 RBrace }
│   ├── 58..77 Whitespace                   
│   ├── 77..78 Or |
│   ├── 78..79 Whitespace  
│   ├── 79..80 Int 2
│   ├── 80..81 Whitespace  
│   ├── 81..88 Str "empty"
│   ├── 88..89 Whitespace  
│   ├── 89..90 LBrace {
│   ├── 90..91 Int 3
│   ├── 91..92 Comma ,
│   ├── 92..93 RBrace }
│   ├── 93..112 Whitespace                   
│   ├── 112..113 Or |
│   ├── 113..114 Whitespace  
│   ├── 114..115 LAngle <
│   ├── 115..119 Id Atom
│   ├── 119..120 RAngle >
│   ├── 120..121 Whitespace  
│   ├── 121..122 LBrace {
│   ├── 122..123 Int 4
│   ├── 123..124 RBrace }
│   ├── 124..125 Semi ;
│   └── 125..126 Whitespace
├── diagnostics
│   ├── 21..21 Missing(Symbol)
│   ├── 21..22 UnexpectedToken
│   ├── 22..22 Missing(RuleTerminator)
│   ├── 22..26 UnexpectedToken
│   ├── 26..27 UnexpectedToken
│   ├── 28..33 UnexpectedToken
│   ├── 33..34 UnexpectedToken
│   ├── 35..38 UnexpectedToken
│   ├── 39..41 UnexpectedToken
│   ├── 41..42 UnexpectedToken
│   ├── 42..50 UnexpectedToken
│   ├── 50..51 UnexpectedToken
│   ├── 52..53 UnexpectedToken
│   ├── 53..54 UnexpectedToken
│   ├── 54..55 UnexpectedToken
│   ├── 56..57 UnexpectedToken
│   ├── 57..58 UnexpectedToken
│   ├── 77..78 UnexpectedToken
│   ├── 79..80 UnexpectedToken
│   ├── 81..88 UnexpectedToken
│   ├── 89..90 UnexpectedToken
│   ├── 90..91 UnexpectedToken
│   ├── 91..92 UnexpectedToken
│   ├── 92..93 UnexpectedToken
│   ├── 112..113 UnexpectedToken
│   ├── 121..121 Missing(Definition)
│   ├── 121..121 Missing(RuleTerminator)
│   ├── 121..122 UnexpectedToken
│   ├── 122..123 UnexpectedToken
│   ├── 123..124 UnexpectedToken
│   └── 124..125 UnexpectedToken
├── recovery
│   ├── 21..22 UnexpectedToken <
│   ├── 22..26 UnexpectedToken Atom
│   ├── 26..27 UnexpectedToken :
│   ├── 28..33 UnexpectedToken "set"
│   ├── 33..34 UnexpectedToken >
│   ├── 35..38 UnexpectedToken "U"
│   ├── 39..41 UnexpectedToken re
│   ├── 41..42 UnexpectedToken (
│   ├── 42..50 UnexpectedToken "[a-z]+"
│   ├── 50..51 UnexpectedToken )
│   ├── 52..53 UnexpectedToken {
│   ├── 53..54 UnexpectedToken 1
│   ├── 54..55 UnexpectedToken ,
│   ├── 56..57 UnexpectedToken 5
│   ├── 57..58 UnexpectedToken }
│   ├── 77..78 UnexpectedToken |
│   ├── 79..80 UnexpectedToken 2
│   ├── 81..88 UnexpectedToken "empty"
│   ├── 89..90 UnexpectedToken {
│   ├── 90..91 UnexpectedToken 3
│   ├── 91..92 UnexpectedToken ,
│   ├── 92..93 UnexpectedToken }
│   ├── 112..113 UnexpectedToken |
│   ├── 121..122 UnexpectedToken {
│   ├── 122..123 UnexpectedToken 4
│   ├── 123..124 UnexpectedToken }
│   └── 124..125 UnexpectedToken ;
└── rules
    ├── 0..22 Expr partial recovered
    │   ├── 0..13 lhs complete <Expr: "set">
    │   │   ├── name 1..5 Expr
    │   │   ├── type-separator 5..6
    │   │   ├── 7..12 type complete "set"
    │   │   └── closing 12..13
    │   ├── definition 14..17
    │   └── terminator missing
    └── 114..120 Atom partial
        ├── 114..120 lhs complete <Atom>
        │   ├── name 115..119 Atom
        │   └── closing 119..120
        ├── definition missing
        └── terminator missing
