---
source: crates/bnfgen-syntax/tests/lexical_snapshots.rs
---
<input>
<a> ::= "x" ü;
</input>
document
├── tokens
│   ├── 0..1 LAngle <
│   ├── 1..2 Id a
│   ├── 2..3 RAngle >
│   ├── 3..4 Whitespace  
│   ├── 4..7 Def ::=
│   ├── 7..8 Whitespace  
│   ├── 8..11 Str "x"
│   ├── 11..12 Whitespace  
│   ├── 12..14 Invalid ü
│   ├── 14..15 Semi ;
│   └── 15..16 Whitespace
├── diagnostics
│   └── 12..14 UnrecognizedInput
├── recovery
│   └── 12..14 InvalidLexeme ü
└── rules
    └── 0..15 a complete recovered
        ├── 0..3 lhs complete <a>
        │   ├── name 1..2 a
        │   └── closing 2..3
        ├── definition 4..7
        ├── 8..11 alt complete
        │   └── 8..11 Terminal complete "x"
        └── terminator 14..15
