---
source: crates/bnfgen-syntax/tests/lexical_snapshots.rs
---
<input>
<broken ::= "bad";
<good> ::= "ok";
</input>
document
├── tokens
│   ├── 000..001 LAngle <
│   ├── 001..007 Id broken
│   ├── 007..008 Whitespace  
│   ├── 008..011 Def ::=
│   ├── 011..012 Whitespace  
│   ├── 012..017 Str "bad"
│   ├── 017..018 Semi ;
│   ├── 018..019 Whitespace
│   ├── 019..020 LAngle <
│   ├── 020..024 Id good
│   ├── 024..025 RAngle >
│   ├── 025..026 Whitespace  
│   ├── 026..029 Def ::=
│   ├── 029..030 Whitespace  
│   ├── 030..034 Str "ok"
│   ├── 034..035 Semi ;
│   └── 035..036 Whitespace
├── errors
│   └── 008..011 UnexpectedToken
├── recovery
│   └── 000..018 <broken ::= "bad";
└── rules
    └── 019..035 good
        ├── 019..025 lhs <good>
        │   └── name 020..024 good
        └── alt 030..034
            └── 030..034 Terminal "ok"
