---
source: crates/bnfgen-syntax/tests/lexical_snapshots.rs
---
<input>
<a> ::= "x"; // mid-file
<b> ::= "y";
</input>
document
├── tokens
│   ├── 0..1 LAngle <
│   ├── 1..2 Id a
│   ├── 2..3 RAngle >
│   ├── 3..4 Whitespace  
│   ├── 4..7 Def ::=
│   ├── 7..8 Whitespace  
│   ├── 8..11 Str "x"
│   ├── 11..12 Semi ;
│   ├── 12..13 Whitespace  
│   ├── 13..24 Comment // mid-file
│   ├── 24..25 Whitespace
│   ├── 25..26 LAngle <
│   ├── 26..27 Id b
│   ├── 27..28 RAngle >
│   ├── 28..29 Whitespace  
│   ├── 29..32 Def ::=
│   ├── 32..33 Whitespace  
│   ├── 33..36 Str "y"
│   ├── 36..37 Semi ;
│   └── 37..38 Whitespace
├── diagnostics
├── recovery
└── rules
    ├── 0..12 a complete
    │   ├── 0..3 lhs complete <a>
    │   │   ├── name 1..2 a
    │   │   └── closing 2..3
    │   ├── definition 4..7
    │   ├── 8..11 alt complete
    │   │   └── 8..11 Terminal complete "x"
    │   └── terminator 11..12
    └── 25..37 b complete
        ├── 25..28 lhs complete <b>
        │   ├── name 26..27 b
        │   └── closing 27..28
        ├── definition 29..32
        ├── 33..36 alt complete
        │   └── 33..36 Terminal complete "y"
        └── terminator 36..37
