---
source: crates/bnfgen-syntax/tests/lexical_snapshots.rs
snapshot_kind: text
---
<input>
<entry>
</input>
document
├── tokens
│   ├── 000..001 LAngle <
│   ├── 001..006 Id entry
│   ├── 006..007 RAngle >
│   └── 007..008 Whitespace
├── diagnostics
│   ├── 007..007 Missing(Definition)
│   └── 007..007 Missing(RuleTerminator)
├── recovery
└── rules
    └── 000..007 entry [partial]
        ├── 000..007 lhs <entry>
        │   ├── name 001..006 entry
        │   └── closing 006..007
        ├── definition <missing>
        └── terminator <missing>
