---
source: crates/bnfgen-syntax/tests/lexical_snapshots.rs
snapshot_kind: text
---
<input>
<entry> ::= <target: "value"
</input>
document
├── tokens
│   ├── 000..001 LAngle <
│   ├── 001..006 Id entry
│   ├── 006..007 RAngle >
│   ├── 007..008 Whitespace  
│   ├── 008..011 Def ::=
│   ├── 011..012 Whitespace  
│   ├── 012..013 LAngle <
│   ├── 013..019 Id target
│   ├── 019..020 Colon :
│   ├── 020..021 Whitespace  
│   ├── 021..028 Str "value"
│   └── 028..029 Whitespace
├── diagnostics
│   ├── 012..012 Missing(Alternative)
│   ├── 012..012 Missing(RuleTerminator)
│   ├── 028..028 Missing(NonTerminalClosingDelimiter)
│   ├── 028..028 Missing(Definition)
│   └── 028..028 Missing(RuleTerminator)
├── recovery
└── rules
    ├── 000..011 entry [partial]
    │   ├── 000..007 lhs <entry>
    │   │   ├── name 001..006 entry
    │   │   └── closing 006..007
    │   ├── definition 008..011
    │   └── terminator <missing>
    └── 012..028 target [partial]
        ├── 012..028 lhs <target: "value"
        │   ├── name 013..019 target
        │   ├── type-separator 019..020
        │   ├── type 021..028 "value"
        │   └── closing <missing>
        ├── definition <missing>
        └── terminator <missing>
