---
source: crates/bnfgen-syntax/tests/lexical_snapshots.rs
---
<input>
<entry> ::= "value
</input>
document
├── tokens
│   ├── 0..1 LAngle <
│   ├── 1..6 Id entry
│   ├── 6..7 RAngle >
│   ├── 7..8 Whitespace  
│   ├── 8..11 Def ::=
│   ├── 11..12 Whitespace  
│   └── 12..19 UnterminatedStr "value
├── diagnostics
│   ├── 12..19 UnterminatedString
│   └── 19..19 Missing(RuleTerminator)
├── recovery
│   └── 12..19 UnterminatedString "value
└── rules
    └── 0..19 entry partial recovered
        ├── 0..7 lhs complete <entry>
        │   ├── name 1..6 entry
        │   └── closing 6..7
        ├── definition 8..11
        ├── 12..19 alt partial recovered
        │   └── 12..19 Terminal unterminated "value
        └── terminator missing
